Archive member included because of file (symbol)

f:/course embedded system/the programming/embedded/00-tools/03-imt sdk/03- imt sdk/03- imt sdk/imt_sdk_win_64/imt_sdk_win_64/winavr/bin/../lib/gcc/avr/4.3.3/avr5\libgcc.a(_exit.o)
                              f:/course embedded system/the programming/embedded/00-tools/03-imt sdk/03- imt sdk/03- imt sdk/imt_sdk_win_64/imt_sdk_win_64/winavr/bin/../lib/gcc/avr/4.3.3/../../../../avr/lib/avr5/crtm328p.o (exit)
f:/course embedded system/the programming/embedded/00-tools/03-imt sdk/03- imt sdk/03- imt sdk/imt_sdk_win_64/imt_sdk_win_64/winavr/bin/../lib/gcc/avr/4.3.3/avr5\libgcc.a(_copy_data.o)
                              ./NRF_programe.o (__do_copy_data)
f:/course embedded system/the programming/embedded/00-tools/03-imt sdk/03- imt sdk/03- imt sdk/imt_sdk_win_64/imt_sdk_win_64/winavr/bin/../lib/gcc/avr/4.3.3/avr5\libgcc.a(_clear_bss.o)
                              ./NRF_programe.o (__do_clear_bss)
f:/course embedded system/the programming/embedded/00-tools/03-imt sdk/03- imt sdk/03- imt sdk/imt_sdk_win_64/imt_sdk_win_64/winavr/bin/../lib/gcc/avr/4.3.3/avr5\libgcc.a(_fixunssfsi.o)
                              ./NRF_programe.o (__fixunssfsi)
f:/course embedded system/the programming/embedded/00-tools/03-imt sdk/03- imt sdk/03- imt sdk/imt_sdk_win_64/imt_sdk_win_64/winavr/bin/../lib/gcc/avr/4.3.3/avr5\libgcc.a(_addsub_sf.o)
                              f:/course embedded system/the programming/embedded/00-tools/03-imt sdk/03- imt sdk/03- imt sdk/imt_sdk_win_64/imt_sdk_win_64/winavr/bin/../lib/gcc/avr/4.3.3/avr5\libgcc.a(_fixunssfsi.o) (__subsf3)
f:/course embedded system/the programming/embedded/00-tools/03-imt sdk/03- imt sdk/03- imt sdk/imt_sdk_win_64/imt_sdk_win_64/winavr/bin/../lib/gcc/avr/4.3.3/avr5\libgcc.a(_mul_sf.o)
                              ./NRF_programe.o (__mulsf3)
f:/course embedded system/the programming/embedded/00-tools/03-imt sdk/03- imt sdk/03- imt sdk/imt_sdk_win_64/imt_sdk_win_64/winavr/bin/../lib/gcc/avr/4.3.3/avr5\libgcc.a(_gt_sf.o)
                              ./NRF_programe.o (__gtsf2)
f:/course embedded system/the programming/embedded/00-tools/03-imt sdk/03- imt sdk/03- imt sdk/imt_sdk_win_64/imt_sdk_win_64/winavr/bin/../lib/gcc/avr/4.3.3/avr5\libgcc.a(_ge_sf.o)
                              f:/course embedded system/the programming/embedded/00-tools/03-imt sdk/03- imt sdk/03- imt sdk/imt_sdk_win_64/imt_sdk_win_64/winavr/bin/../lib/gcc/avr/4.3.3/avr5\libgcc.a(_fixunssfsi.o) (__gesf2)
f:/course embedded system/the programming/embedded/00-tools/03-imt sdk/03- imt sdk/03- imt sdk/imt_sdk_win_64/imt_sdk_win_64/winavr/bin/../lib/gcc/avr/4.3.3/avr5\libgcc.a(_lt_sf.o)
                              ./NRF_programe.o (__ltsf2)
f:/course embedded system/the programming/embedded/00-tools/03-imt sdk/03- imt sdk/03- imt sdk/imt_sdk_win_64/imt_sdk_win_64/winavr/bin/../lib/gcc/avr/4.3.3/avr5\libgcc.a(_sf_to_si.o)
                              f:/course embedded system/the programming/embedded/00-tools/03-imt sdk/03- imt sdk/03- imt sdk/imt_sdk_win_64/imt_sdk_win_64/winavr/bin/../lib/gcc/avr/4.3.3/avr5\libgcc.a(_fixunssfsi.o) (__fixsfsi)
f:/course embedded system/the programming/embedded/00-tools/03-imt sdk/03- imt sdk/03- imt sdk/imt_sdk_win_64/imt_sdk_win_64/winavr/bin/../lib/gcc/avr/4.3.3/avr5\libgcc.a(_thenan_sf.o)
                              f:/course embedded system/the programming/embedded/00-tools/03-imt sdk/03- imt sdk/03- imt sdk/imt_sdk_win_64/imt_sdk_win_64/winavr/bin/../lib/gcc/avr/4.3.3/avr5\libgcc.a(_addsub_sf.o) (__thenan_sf)
f:/course embedded system/the programming/embedded/00-tools/03-imt sdk/03- imt sdk/03- imt sdk/imt_sdk_win_64/imt_sdk_win_64/winavr/bin/../lib/gcc/avr/4.3.3/avr5\libgcc.a(_usi_to_sf.o)
                              ./NRF_programe.o (__floatunsisf)
f:/course embedded system/the programming/embedded/00-tools/03-imt sdk/03- imt sdk/03- imt sdk/imt_sdk_win_64/imt_sdk_win_64/winavr/bin/../lib/gcc/avr/4.3.3/avr5\libgcc.a(_prologue.o)
                              f:/course embedded system/the programming/embedded/00-tools/03-imt sdk/03- imt sdk/03- imt sdk/imt_sdk_win_64/imt_sdk_win_64/winavr/bin/../lib/gcc/avr/4.3.3/avr5\libgcc.a(_addsub_sf.o) (__prologue_saves__)
f:/course embedded system/the programming/embedded/00-tools/03-imt sdk/03- imt sdk/03- imt sdk/imt_sdk_win_64/imt_sdk_win_64/winavr/bin/../lib/gcc/avr/4.3.3/avr5\libgcc.a(_epilogue.o)
                              f:/course embedded system/the programming/embedded/00-tools/03-imt sdk/03- imt sdk/03- imt sdk/imt_sdk_win_64/imt_sdk_win_64/winavr/bin/../lib/gcc/avr/4.3.3/avr5\libgcc.a(_addsub_sf.o) (__epilogue_restores__)
f:/course embedded system/the programming/embedded/00-tools/03-imt sdk/03- imt sdk/03- imt sdk/imt_sdk_win_64/imt_sdk_win_64/winavr/bin/../lib/gcc/avr/4.3.3/avr5\libgcc.a(_clzsi2.o)
                              f:/course embedded system/the programming/embedded/00-tools/03-imt sdk/03- imt sdk/03- imt sdk/imt_sdk_win_64/imt_sdk_win_64/winavr/bin/../lib/gcc/avr/4.3.3/avr5\libgcc.a(_usi_to_sf.o) (__clzsi2)
f:/course embedded system/the programming/embedded/00-tools/03-imt sdk/03- imt sdk/03- imt sdk/imt_sdk_win_64/imt_sdk_win_64/winavr/bin/../lib/gcc/avr/4.3.3/avr5\libgcc.a(_pack_sf.o)
                              f:/course embedded system/the programming/embedded/00-tools/03-imt sdk/03- imt sdk/03- imt sdk/imt_sdk_win_64/imt_sdk_win_64/winavr/bin/../lib/gcc/avr/4.3.3/avr5\libgcc.a(_addsub_sf.o) (__pack_f)
f:/course embedded system/the programming/embedded/00-tools/03-imt sdk/03- imt sdk/03- imt sdk/imt_sdk_win_64/imt_sdk_win_64/winavr/bin/../lib/gcc/avr/4.3.3/avr5\libgcc.a(_unpack_sf.o)
                              f:/course embedded system/the programming/embedded/00-tools/03-imt sdk/03- imt sdk/03- imt sdk/imt_sdk_win_64/imt_sdk_win_64/winavr/bin/../lib/gcc/avr/4.3.3/avr5\libgcc.a(_addsub_sf.o) (__unpack_f)
f:/course embedded system/the programming/embedded/00-tools/03-imt sdk/03- imt sdk/03- imt sdk/imt_sdk_win_64/imt_sdk_win_64/winavr/bin/../lib/gcc/avr/4.3.3/avr5\libgcc.a(_fpcmp_parts_sf.o)
                              f:/course embedded system/the programming/embedded/00-tools/03-imt sdk/03- imt sdk/03- imt sdk/imt_sdk_win_64/imt_sdk_win_64/winavr/bin/../lib/gcc/avr/4.3.3/avr5\libgcc.a(_gt_sf.o) (__fpcmp_parts_f)
f:/course embedded system/the programming/embedded/00-tools/03-imt sdk/03- imt sdk/03- imt sdk/imt_sdk_win_64/imt_sdk_win_64/winavr/bin/../lib/gcc/avr/4.3.3/avr5\libgcc.a(_clz.o)
                              f:/course embedded system/the programming/embedded/00-tools/03-imt sdk/03- imt sdk/03- imt sdk/imt_sdk_win_64/imt_sdk_win_64/winavr/bin/../lib/gcc/avr/4.3.3/avr5\libgcc.a(_clzsi2.o) (__clz_tab)

Memory Configuration

Name             Origin             Length             Attributes
text             0x00000000         0x00020000         xr
data             0x00800060         0x0000ffa0         rw !x
eeprom           0x00810000         0x00010000         rw !x
fuse             0x00820000         0x00000400         rw !x
lock             0x00830000         0x00000400         rw !x
signature        0x00840000         0x00000400         rw !x
*default*        0x00000000         0xffffffff

Linker script and memory map

Address of section .data set to 0x800100
LOAD f:/course embedded system/the programming/embedded/00-tools/03-imt sdk/03- imt sdk/03- imt sdk/imt_sdk_win_64/imt_sdk_win_64/winavr/bin/../lib/gcc/avr/4.3.3/../../../../avr/lib/avr5/crtm328p.o
LOAD ./DIO_program.o
LOAD ./NRF_programe.o
LOAD ./PORT_Programe.o
LOAD ./SPI_programe.o
LOAD ./USART_programe.o
LOAD ./main.o
LOAD f:/course embedded system/the programming/embedded/00-tools/03-imt sdk/03- imt sdk/03- imt sdk/imt_sdk_win_64/imt_sdk_win_64/winavr/bin/../lib/gcc/avr/4.3.3/avr5\libgcc.a
LOAD f:/course embedded system/the programming/embedded/00-tools/03-imt sdk/03- imt sdk/03- imt sdk/imt_sdk_win_64/imt_sdk_win_64/winavr/bin/../lib/gcc/avr/4.3.3/../../../../avr/lib/avr5\libc.a
LOAD f:/course embedded system/the programming/embedded/00-tools/03-imt sdk/03- imt sdk/03- imt sdk/imt_sdk_win_64/imt_sdk_win_64/winavr/bin/../lib/gcc/avr/4.3.3/avr5\libgcc.a

.hash
 *(.hash)

.dynsym
 *(.dynsym)

.dynstr
 *(.dynstr)

.gnu.version
 *(.gnu.version)

.gnu.version_d
 *(.gnu.version_d)

.gnu.version_r
 *(.gnu.version_r)

.rel.init
 *(.rel.init)

.rela.init
 *(.rela.init)

.rel.text
 *(.rel.text)
 *(.rel.text.*)
 *(.rel.gnu.linkonce.t*)

.rela.text
 *(.rela.text)
 *(.rela.text.*)
 *(.rela.gnu.linkonce.t*)

.rel.fini
 *(.rel.fini)

.rela.fini
 *(.rela.fini)

.rel.rodata
 *(.rel.rodata)
 *(.rel.rodata.*)
 *(.rel.gnu.linkonce.r*)

.rela.rodata
 *(.rela.rodata)
 *(.rela.rodata.*)
 *(.rela.gnu.linkonce.r*)

.rel.data
 *(.rel.data)
 *(.rel.data.*)
 *(.rel.gnu.linkonce.d*)

.rela.data
 *(.rela.data)
 *(.rela.data.*)
 *(.rela.gnu.linkonce.d*)

.rel.ctors
 *(.rel.ctors)

.rela.ctors
 *(.rela.ctors)

.rel.dtors
 *(.rel.dtors)

.rela.dtors
 *(.rela.dtors)

.rel.got
 *(.rel.got)

.rela.got
 *(.rela.got)

.rel.bss
 *(.rel.bss)

.rela.bss
 *(.rela.bss)

.rel.plt
 *(.rel.plt)

.rela.plt
 *(.rela.plt)

.text           0x00000000     0x1a12
 *(.vectors)
 .vectors       0x00000000       0x68 f:/course embedded system/the programming/embedded/00-tools/03-imt sdk/03- imt sdk/03- imt sdk/imt_sdk_win_64/imt_sdk_win_64/winavr/bin/../lib/gcc/avr/4.3.3/../../../../avr/lib/avr5/crtm328p.o
                0x00000000                __vectors
                0x00000000                __vector_default
 *(.vectors)
 *(.progmem.gcc*)
 *(.progmem*)
                0x00000068                . = ALIGN (0x2)
                0x00000068                __trampolines_start = .
 *(.trampolines)
 .trampolines   0x00000068        0x0 linker stubs
 *(.trampolines*)
                0x00000068                __trampolines_end = .
 *(.jumptables)
 *(.jumptables*)
 *(.lowtext)
 *(.lowtext*)
                0x00000068                __ctors_start = .
 *(.ctors)
                0x00000068                __ctors_end = .
                0x00000068                __dtors_start = .
 *(.dtors)
                0x00000068                __dtors_end = .
 SORT(*)(.ctors)
 SORT(*)(.dtors)
 *(.init0)
 .init0         0x00000068        0x0 f:/course embedded system/the programming/embedded/00-tools/03-imt sdk/03- imt sdk/03- imt sdk/imt_sdk_win_64/imt_sdk_win_64/winavr/bin/../lib/gcc/avr/4.3.3/../../../../avr/lib/avr5/crtm328p.o
                0x00000068                __init
 *(.init0)
 *(.init1)
 *(.init1)
 *(.init2)
 .init2         0x00000068        0xc f:/course embedded system/the programming/embedded/00-tools/03-imt sdk/03- imt sdk/03- imt sdk/imt_sdk_win_64/imt_sdk_win_64/winavr/bin/../lib/gcc/avr/4.3.3/../../../../avr/lib/avr5/crtm328p.o
 *(.init2)
 *(.init3)
 *(.init3)
 *(.init4)
 .init4         0x00000074       0x16 f:/course embedded system/the programming/embedded/00-tools/03-imt sdk/03- imt sdk/03- imt sdk/imt_sdk_win_64/imt_sdk_win_64/winavr/bin/../lib/gcc/avr/4.3.3/avr5\libgcc.a(_copy_data.o)
                0x00000074                __do_copy_data
 .init4         0x0000008a       0x10 f:/course embedded system/the programming/embedded/00-tools/03-imt sdk/03- imt sdk/03- imt sdk/imt_sdk_win_64/imt_sdk_win_64/winavr/bin/../lib/gcc/avr/4.3.3/avr5\libgcc.a(_clear_bss.o)
                0x0000008a                __do_clear_bss
 *(.init4)
 *(.init5)
 *(.init5)
 *(.init6)
 *(.init6)
 *(.init7)
 *(.init7)
 *(.init8)
 *(.init8)
 *(.init9)
 .init9         0x0000009a        0x8 f:/course embedded system/the programming/embedded/00-tools/03-imt sdk/03- imt sdk/03- imt sdk/imt_sdk_win_64/imt_sdk_win_64/winavr/bin/../lib/gcc/avr/4.3.3/../../../../avr/lib/avr5/crtm328p.o
 *(.init9)
 *(.text)
 .text          0x000000a2        0x4 f:/course embedded system/the programming/embedded/00-tools/03-imt sdk/03- imt sdk/03- imt sdk/imt_sdk_win_64/imt_sdk_win_64/winavr/bin/../lib/gcc/avr/4.3.3/../../../../avr/lib/avr5/crtm328p.o
                0x000000a2                __vector_22
                0x000000a2                __vector_1
                0x000000a2                __vector_24
                0x000000a2                __vector_12
                0x000000a2                __bad_interrupt
                0x000000a2                __vector_6
                0x000000a2                __vector_3
                0x000000a2                __vector_23
                0x000000a2                __vector_25
                0x000000a2                __vector_11
                0x000000a2                __vector_13
                0x000000a2                __vector_17
                0x000000a2                __vector_19
                0x000000a2                __vector_7
                0x000000a2                __vector_5
                0x000000a2                __vector_4
                0x000000a2                __vector_9
                0x000000a2                __vector_2
                0x000000a2                __vector_21
                0x000000a2                __vector_15
                0x000000a2                __vector_8
                0x000000a2                __vector_14
                0x000000a2                __vector_10
                0x000000a2                __vector_16
                0x000000a2                __vector_18
                0x000000a2                __vector_20
 .text          0x000000a6        0x0 ./DIO_program.o
 .text          0x000000a6        0x0 ./NRF_programe.o
 .text          0x000000a6        0x0 ./PORT_Programe.o
 .text          0x000000a6        0x0 ./SPI_programe.o
 .text          0x000000a6        0x0 ./USART_programe.o
 .text          0x000000a6        0x0 ./main.o
 .text          0x000000a6        0x0 f:/course embedded system/the programming/embedded/00-tools/03-imt sdk/03- imt sdk/03- imt sdk/imt_sdk_win_64/imt_sdk_win_64/winavr/bin/../lib/gcc/avr/4.3.3/avr5\libgcc.a(_exit.o)
 .text          0x000000a6        0x0 f:/course embedded system/the programming/embedded/00-tools/03-imt sdk/03- imt sdk/03- imt sdk/imt_sdk_win_64/imt_sdk_win_64/winavr/bin/../lib/gcc/avr/4.3.3/avr5\libgcc.a(_copy_data.o)
 .text          0x000000a6        0x0 f:/course embedded system/the programming/embedded/00-tools/03-imt sdk/03- imt sdk/03- imt sdk/imt_sdk_win_64/imt_sdk_win_64/winavr/bin/../lib/gcc/avr/4.3.3/avr5\libgcc.a(_clear_bss.o)
 .text          0x000000a6       0x58 f:/course embedded system/the programming/embedded/00-tools/03-imt sdk/03- imt sdk/03- imt sdk/imt_sdk_win_64/imt_sdk_win_64/winavr/bin/../lib/gcc/avr/4.3.3/avr5\libgcc.a(_fixunssfsi.o)
                0x000000a6                __fixunssfsi
 .text          0x000000fe      0x354 f:/course embedded system/the programming/embedded/00-tools/03-imt sdk/03- imt sdk/03- imt sdk/imt_sdk_win_64/imt_sdk_win_64/winavr/bin/../lib/gcc/avr/4.3.3/avr5\libgcc.a(_addsub_sf.o)
                0x00000396                __subsf3
                0x000003f8                __addsf3
 .text          0x00000452      0x1f4 f:/course embedded system/the programming/embedded/00-tools/03-imt sdk/03- imt sdk/03- imt sdk/imt_sdk_win_64/imt_sdk_win_64/winavr/bin/../lib/gcc/avr/4.3.3/avr5\libgcc.a(_mul_sf.o)
                0x00000452                __mulsf3
 .text          0x00000646       0x60 f:/course embedded system/the programming/embedded/00-tools/03-imt sdk/03- imt sdk/03- imt sdk/imt_sdk_win_64/imt_sdk_win_64/winavr/bin/../lib/gcc/avr/4.3.3/avr5\libgcc.a(_gt_sf.o)
                0x00000646                __gtsf2
 .text          0x000006a6       0x60 f:/course embedded system/the programming/embedded/00-tools/03-imt sdk/03- imt sdk/03- imt sdk/imt_sdk_win_64/imt_sdk_win_64/winavr/bin/../lib/gcc/avr/4.3.3/avr5\libgcc.a(_ge_sf.o)
                0x000006a6                __gesf2
 .text          0x00000706       0x60 f:/course embedded system/the programming/embedded/00-tools/03-imt sdk/03- imt sdk/03- imt sdk/imt_sdk_win_64/imt_sdk_win_64/winavr/bin/../lib/gcc/avr/4.3.3/avr5\libgcc.a(_lt_sf.o)
                0x00000706                __ltsf2
 .text          0x00000766       0xa8 f:/course embedded system/the programming/embedded/00-tools/03-imt sdk/03- imt sdk/03- imt sdk/imt_sdk_win_64/imt_sdk_win_64/winavr/bin/../lib/gcc/avr/4.3.3/avr5\libgcc.a(_sf_to_si.o)
                0x00000766                __fixsfsi
 .text          0x0000080e        0x0 f:/course embedded system/the programming/embedded/00-tools/03-imt sdk/03- imt sdk/03- imt sdk/imt_sdk_win_64/imt_sdk_win_64/winavr/bin/../lib/gcc/avr/4.3.3/avr5\libgcc.a(_thenan_sf.o)
 .text          0x0000080e       0xf2 f:/course embedded system/the programming/embedded/00-tools/03-imt sdk/03- imt sdk/03- imt sdk/imt_sdk_win_64/imt_sdk_win_64/winavr/bin/../lib/gcc/avr/4.3.3/avr5\libgcc.a(_usi_to_sf.o)
                0x0000080e                __floatunsisf
 .text          0x00000900        0x0 f:/course embedded system/the programming/embedded/00-tools/03-imt sdk/03- imt sdk/03- imt sdk/imt_sdk_win_64/imt_sdk_win_64/winavr/bin/../lib/gcc/avr/4.3.3/avr5\libgcc.a(_prologue.o)
 .text          0x00000900        0x0 f:/course embedded system/the programming/embedded/00-tools/03-imt sdk/03- imt sdk/03- imt sdk/imt_sdk_win_64/imt_sdk_win_64/winavr/bin/../lib/gcc/avr/4.3.3/avr5\libgcc.a(_epilogue.o)
 .text          0x00000900       0x9e f:/course embedded system/the programming/embedded/00-tools/03-imt sdk/03- imt sdk/03- imt sdk/imt_sdk_win_64/imt_sdk_win_64/winavr/bin/../lib/gcc/avr/4.3.3/avr5\libgcc.a(_clzsi2.o)
                0x00000900                __clzsi2
 .text          0x0000099e      0x1aa f:/course embedded system/the programming/embedded/00-tools/03-imt sdk/03- imt sdk/03- imt sdk/imt_sdk_win_64/imt_sdk_win_64/winavr/bin/../lib/gcc/avr/4.3.3/avr5\libgcc.a(_pack_sf.o)
                0x0000099e                __pack_f
 .text          0x00000b48       0xf0 f:/course embedded system/the programming/embedded/00-tools/03-imt sdk/03- imt sdk/03- imt sdk/imt_sdk_win_64/imt_sdk_win_64/winavr/bin/../lib/gcc/avr/4.3.3/avr5\libgcc.a(_unpack_sf.o)
                0x00000b48                __unpack_f
 .text          0x00000c38       0xb2 f:/course embedded system/the programming/embedded/00-tools/03-imt sdk/03- imt sdk/03- imt sdk/imt_sdk_win_64/imt_sdk_win_64/winavr/bin/../lib/gcc/avr/4.3.3/avr5\libgcc.a(_fpcmp_parts_sf.o)
                0x00000c38                __fpcmp_parts_f
 .text          0x00000cea        0x0 f:/course embedded system/the programming/embedded/00-tools/03-imt sdk/03- imt sdk/03- imt sdk/imt_sdk_win_64/imt_sdk_win_64/winavr/bin/../lib/gcc/avr/4.3.3/avr5\libgcc.a(_clz.o)
                0x00000cea                . = ALIGN (0x2)
 *(.text.*)
 .text.DIO_U8SetPinDirection
                0x00000cea       0xbc ./DIO_program.o
                0x00000cea                DIO_U8SetPinDirection
 .text.DIO_U8SetPortirection
                0x00000da6       0x20 ./DIO_program.o
                0x00000da6                DIO_U8SetPortirection
 .text.DIO_U8SetPinValue
                0x00000dc6       0xbc ./DIO_program.o
                0x00000dc6                DIO_U8SetPinValue
 .text.DIO_U8SetPortValue
                0x00000e82       0x20 ./DIO_program.o
                0x00000e82                DIO_U8SetPortValue
 .text.DIO_U8GetPinValue
                0x00000ea2       0x3c ./DIO_program.o
                0x00000ea2                DIO_U8GetPinValue
 .text.delay_function
                0x00000ede       0x9e ./NRF_programe.o
                0x00000ede                delay_function
 .text.SPI_Initializer
                0x00000f7c        0x6 ./NRF_programe.o
                0x00000f7c                SPI_Initializer
 .text.SPI_send_command
                0x00000f82        0xc ./NRF_programe.o
                0x00000f82                SPI_send_command
 .text.nrf24_CE
                0x00000f8e       0x18 ./NRF_programe.o
                0x00000f8e                nrf24_CE
 .text.nrf24_SPI
                0x00000fa6       0x16 ./NRF_programe.o
                0x00000fa6                nrf24_SPI
 .text.nrf24_write
                0x00000fbc       0x54 ./NRF_programe.o
                0x00000fbc                nrf24_write
 .text.nrf24_rf_channel
                0x00001010       0x32 ./NRF_programe.o
                0x00001010                nrf24_rf_channel
 .text.nrf24_address_width
                0x00001042       0x30 ./NRF_programe.o
                0x00001042                nrf24_address_width
 .text.nrf24_datapipe_enable
                0x00001072       0x24 ./NRF_programe.o
                0x00001072                nrf24_datapipe_enable
 .text.nrf24_prx_static_payload_width
                0x00001096       0x4c ./NRF_programe.o
                0x00001096                nrf24_prx_static_payload_width
 .text.nrf24_datapipe_address_configuration
                0x000010e2       0x2a ./NRF_programe.o
                0x000010e2                nrf24_datapipe_address_configuration
 .text.nrf24_datapipe_ptx
                0x0000110c       0x1a ./NRF_programe.o
                0x0000110c                nrf24_datapipe_ptx
 .text.nrf24_auto_acknowledgment_setup
                0x00001126       0x2a ./NRF_programe.o
                0x00001126                nrf24_auto_acknowledgment_setup
 .text.nrf24_automatic_retransmit_setup
                0x00001150       0x3e ./NRF_programe.o
                0x00001150                nrf24_automatic_retransmit_setup
 .text.nrf24_read
                0x0000118e       0x54 ./NRF_programe.o
                0x0000118e                nrf24_read
 .text.nrf24_mode
                0x000011e2       0x8a ./NRF_programe.o
                0x000011e2                nrf24_mode
 .text.nrf24_crc_configuration
                0x0000126c       0x52 ./NRF_programe.o
                0x0000126c                nrf24_crc_configuration
 .text.nrf24_interrupt_mask
                0x000012be       0x6a ./NRF_programe.o
                0x000012be                nrf24_interrupt_mask
 .text.nrf24_rf_power
                0x00001328       0x54 ./NRF_programe.o
                0x00001328                nrf24_rf_power
 .text.nrf24_rf_datarate
                0x0000137c       0x54 ./NRF_programe.o
                0x0000137c                nrf24_rf_datarate
 .text.nrf24_dynamic_payload
                0x000013d0       0x84 ./NRF_programe.o
                0x000013d0                nrf24_dynamic_payload
 .text.nrf24_transmit_status
                0x00001454       0x42 ./NRF_programe.o
                0x00001454                nrf24_transmit_status
 .text.nrf24_dynamic_ack
                0x00001496       0x42 ./NRF_programe.o
                0x00001496                nrf24_dynamic_ack
 .text.nrf24_flush
                0x000014d8       0x52 ./NRF_programe.o
                0x000014d8                nrf24_flush
 .text.nrf24_reset
                0x0000152a      0x136 ./NRF_programe.o
                0x0000152a                nrf24_reset
 .text.nrf24_receive
                0x00001660       0xb8 ./NRF_programe.o
                0x00001660                nrf24_receive
 .text.nrf24_send_payload
                0x00001718       0x58 ./NRF_programe.o
                0x00001718                nrf24_send_payload
 .text.nrf24_transmit
                0x00001770       0x54 ./NRF_programe.o
                0x00001770                nrf24_transmit
 .text.pinout_Initializer
                0x000017c4       0x26 ./NRF_programe.o
                0x000017c4                pinout_Initializer
 .text.nrf24_device
                0x000017ea       0xa0 ./NRF_programe.o
                0x000017ea                nrf24_device
 .text.PORT_voidInit
                0x0000188a       0x18 ./PORT_Programe.o
                0x0000188a                PORT_voidInit
 .text.SPI_VoidMasterInit
                0x000018a2       0x20 ./SPI_programe.o
                0x000018a2                SPI_VoidMasterInit
 .text.SPI_VoidSlaveInit
                0x000018c2        0xe ./SPI_programe.o
                0x000018c2                SPI_VoidSlaveInit
 .text.SPI_u8Transceive
                0x000018d0       0x1c ./SPI_programe.o
                0x000018d0                SPI_u8Transceive
 .text.USART_voidinit
                0x000018ec       0x34 ./USART_programe.o
                0x000018ec                USART_voidinit
 .text.USART_voidsenddata
                0x00001920       0x10 ./USART_programe.o
                0x00001920                USART_voidsenddata
 .text.USART_voidreceivedata
                0x00001930        0xe ./USART_programe.o
                0x00001930                USART_voidreceivedata
 .text.main     0x0000193e       0x62 ./main.o
                0x0000193e                main
 .text.libgcc   0x000019a0        0x0 f:/course embedded system/the programming/embedded/00-tools/03-imt sdk/03- imt sdk/03- imt sdk/imt_sdk_win_64/imt_sdk_win_64/winavr/bin/../lib/gcc/avr/4.3.3/avr5\libgcc.a(_exit.o)
 .text.libgcc   0x000019a0        0x0 f:/course embedded system/the programming/embedded/00-tools/03-imt sdk/03- imt sdk/03- imt sdk/imt_sdk_win_64/imt_sdk_win_64/winavr/bin/../lib/gcc/avr/4.3.3/avr5\libgcc.a(_copy_data.o)
 .text.libgcc   0x000019a0        0x0 f:/course embedded system/the programming/embedded/00-tools/03-imt sdk/03- imt sdk/03- imt sdk/imt_sdk_win_64/imt_sdk_win_64/winavr/bin/../lib/gcc/avr/4.3.3/avr5\libgcc.a(_clear_bss.o)
 .text.libgcc   0x000019a0       0x38 f:/course embedded system/the programming/embedded/00-tools/03-imt sdk/03- imt sdk/03- imt sdk/imt_sdk_win_64/imt_sdk_win_64/winavr/bin/../lib/gcc/avr/4.3.3/avr5\libgcc.a(_prologue.o)
                0x000019a0                __prologue_saves__
 .text.libgcc   0x000019d8       0x36 f:/course embedded system/the programming/embedded/00-tools/03-imt sdk/03- imt sdk/03- imt sdk/imt_sdk_win_64/imt_sdk_win_64/winavr/bin/../lib/gcc/avr/4.3.3/avr5\libgcc.a(_epilogue.o)
                0x000019d8                __epilogue_restores__
                0x00001a0e                . = ALIGN (0x2)
 *(.fini9)
 .fini9         0x00001a0e        0x0 f:/course embedded system/the programming/embedded/00-tools/03-imt sdk/03- imt sdk/03- imt sdk/imt_sdk_win_64/imt_sdk_win_64/winavr/bin/../lib/gcc/avr/4.3.3/avr5\libgcc.a(_exit.o)
                0x00001a0e                exit
                0x00001a0e                _exit
 *(.fini9)
 *(.fini8)
 *(.fini8)
 *(.fini7)
 *(.fini7)
 *(.fini6)
 *(.fini6)
 *(.fini5)
 *(.fini5)
 *(.fini4)
 *(.fini4)
 *(.fini3)
 *(.fini3)
 *(.fini2)
 *(.fini2)
 *(.fini1)
 *(.fini1)
 *(.fini0)
 .fini0         0x00001a0e        0x4 f:/course embedded system/the programming/embedded/00-tools/03-imt sdk/03- imt sdk/03- imt sdk/imt_sdk_win_64/imt_sdk_win_64/winavr/bin/../lib/gcc/avr/4.3.3/avr5\libgcc.a(_exit.o)
 *(.fini0)
                0x00001a12                _etext = .

.data           0x00800100      0x128 load address 0x00001a12
                0x00800100                PROVIDE (__data_start, .)
 *(.data)
 .data          0x00800100        0x0 f:/course embedded system/the programming/embedded/00-tools/03-imt sdk/03- imt sdk/03- imt sdk/imt_sdk_win_64/imt_sdk_win_64/winavr/bin/../lib/gcc/avr/4.3.3/../../../../avr/lib/avr5/crtm328p.o
 .data          0x00800100        0x0 ./DIO_program.o
 .data          0x00800100        0x0 ./NRF_programe.o
 .data          0x00800100        0x0 ./PORT_Programe.o
 .data          0x00800100        0x0 ./SPI_programe.o
 .data          0x00800100        0x0 ./USART_programe.o
 .data          0x00800100        0x0 ./main.o
 .data          0x00800100        0x0 f:/course embedded system/the programming/embedded/00-tools/03-imt sdk/03- imt sdk/03- imt sdk/imt_sdk_win_64/imt_sdk_win_64/winavr/bin/../lib/gcc/avr/4.3.3/avr5\libgcc.a(_exit.o)
 .data          0x00800100        0x0 f:/course embedded system/the programming/embedded/00-tools/03-imt sdk/03- imt sdk/03- imt sdk/imt_sdk_win_64/imt_sdk_win_64/winavr/bin/../lib/gcc/avr/4.3.3/avr5\libgcc.a(_copy_data.o)
 .data          0x00800100        0x0 f:/course embedded system/the programming/embedded/00-tools/03-imt sdk/03- imt sdk/03- imt sdk/imt_sdk_win_64/imt_sdk_win_64/winavr/bin/../lib/gcc/avr/4.3.3/avr5\libgcc.a(_clear_bss.o)
 .data          0x00800100        0x0 f:/course embedded system/the programming/embedded/00-tools/03-imt sdk/03- imt sdk/03- imt sdk/imt_sdk_win_64/imt_sdk_win_64/winavr/bin/../lib/gcc/avr/4.3.3/avr5\libgcc.a(_fixunssfsi.o)
 .data          0x00800100        0x0 f:/course embedded system/the programming/embedded/00-tools/03-imt sdk/03- imt sdk/03- imt sdk/imt_sdk_win_64/imt_sdk_win_64/winavr/bin/../lib/gcc/avr/4.3.3/avr5\libgcc.a(_addsub_sf.o)
 .data          0x00800100        0x0 f:/course embedded system/the programming/embedded/00-tools/03-imt sdk/03- imt sdk/03- imt sdk/imt_sdk_win_64/imt_sdk_win_64/winavr/bin/../lib/gcc/avr/4.3.3/avr5\libgcc.a(_mul_sf.o)
 .data          0x00800100        0x0 f:/course embedded system/the programming/embedded/00-tools/03-imt sdk/03- imt sdk/03- imt sdk/imt_sdk_win_64/imt_sdk_win_64/winavr/bin/../lib/gcc/avr/4.3.3/avr5\libgcc.a(_gt_sf.o)
 .data          0x00800100        0x0 f:/course embedded system/the programming/embedded/00-tools/03-imt sdk/03- imt sdk/03- imt sdk/imt_sdk_win_64/imt_sdk_win_64/winavr/bin/../lib/gcc/avr/4.3.3/avr5\libgcc.a(_ge_sf.o)
 .data          0x00800100        0x0 f:/course embedded system/the programming/embedded/00-tools/03-imt sdk/03- imt sdk/03- imt sdk/imt_sdk_win_64/imt_sdk_win_64/winavr/bin/../lib/gcc/avr/4.3.3/avr5\libgcc.a(_lt_sf.o)
 .data          0x00800100        0x0 f:/course embedded system/the programming/embedded/00-tools/03-imt sdk/03- imt sdk/03- imt sdk/imt_sdk_win_64/imt_sdk_win_64/winavr/bin/../lib/gcc/avr/4.3.3/avr5\libgcc.a(_sf_to_si.o)
 .data          0x00800100        0x8 f:/course embedded system/the programming/embedded/00-tools/03-imt sdk/03- imt sdk/03- imt sdk/imt_sdk_win_64/imt_sdk_win_64/winavr/bin/../lib/gcc/avr/4.3.3/avr5\libgcc.a(_thenan_sf.o)
                0x00800100                __thenan_sf
 .data          0x00800108        0x0 f:/course embedded system/the programming/embedded/00-tools/03-imt sdk/03- imt sdk/03- imt sdk/imt_sdk_win_64/imt_sdk_win_64/winavr/bin/../lib/gcc/avr/4.3.3/avr5\libgcc.a(_usi_to_sf.o)
 .data          0x00800108        0x0 f:/course embedded system/the programming/embedded/00-tools/03-imt sdk/03- imt sdk/03- imt sdk/imt_sdk_win_64/imt_sdk_win_64/winavr/bin/../lib/gcc/avr/4.3.3/avr5\libgcc.a(_prologue.o)
 .data          0x00800108        0x0 f:/course embedded system/the programming/embedded/00-tools/03-imt sdk/03- imt sdk/03- imt sdk/imt_sdk_win_64/imt_sdk_win_64/winavr/bin/../lib/gcc/avr/4.3.3/avr5\libgcc.a(_epilogue.o)
 .data          0x00800108        0x0 f:/course embedded system/the programming/embedded/00-tools/03-imt sdk/03- imt sdk/03- imt sdk/imt_sdk_win_64/imt_sdk_win_64/winavr/bin/../lib/gcc/avr/4.3.3/avr5\libgcc.a(_clzsi2.o)
 .data          0x00800108        0x0 f:/course embedded system/the programming/embedded/00-tools/03-imt sdk/03- imt sdk/03- imt sdk/imt_sdk_win_64/imt_sdk_win_64/winavr/bin/../lib/gcc/avr/4.3.3/avr5\libgcc.a(_pack_sf.o)
 .data          0x00800108        0x0 f:/course embedded system/the programming/embedded/00-tools/03-imt sdk/03- imt sdk/03- imt sdk/imt_sdk_win_64/imt_sdk_win_64/winavr/bin/../lib/gcc/avr/4.3.3/avr5\libgcc.a(_unpack_sf.o)
 .data          0x00800108        0x0 f:/course embedded system/the programming/embedded/00-tools/03-imt sdk/03- imt sdk/03- imt sdk/imt_sdk_win_64/imt_sdk_win_64/winavr/bin/../lib/gcc/avr/4.3.3/avr5\libgcc.a(_fpcmp_parts_sf.o)
 .data          0x00800108      0x100 f:/course embedded system/the programming/embedded/00-tools/03-imt sdk/03- imt sdk/03- imt sdk/imt_sdk_win_64/imt_sdk_win_64/winavr/bin/../lib/gcc/avr/4.3.3/avr5\libgcc.a(_clz.o)
                0x00800108                __clz_tab
 *(.data*)
 .data.datapipe_address
                0x00800208       0x1e ./NRF_programe.o
                0x00800208                datapipe_address
 .data.current_mode
                0x00800226        0x1 ./NRF_programe.o
 .data.current_acknowledgement_state
                0x00800227        0x1 ./NRF_programe.o
 *(.rodata)
 *(.rodata*)
 *(.gnu.linkonce.d*)
                0x00800228                . = ALIGN (0x2)
                0x00800228                _edata = .
                0x00800228                PROVIDE (__data_end, .)

.bss            0x00800228        0x9
                0x00800228                PROVIDE (__bss_start, .)
 *(.bss)
 .bss           0x00800228        0x0 f:/course embedded system/the programming/embedded/00-tools/03-imt sdk/03- imt sdk/03- imt sdk/imt_sdk_win_64/imt_sdk_win_64/winavr/bin/../lib/gcc/avr/4.3.3/../../../../avr/lib/avr5/crtm328p.o
 .bss           0x00800228        0x0 ./DIO_program.o
 .bss           0x00800228        0x0 ./NRF_programe.o
 .bss           0x00800228        0x0 ./PORT_Programe.o
 .bss           0x00800228        0x0 ./SPI_programe.o
 .bss           0x00800228        0x0 ./USART_programe.o
 .bss           0x00800228        0x0 ./main.o
 .bss           0x00800228        0x0 f:/course embedded system/the programming/embedded/00-tools/03-imt sdk/03- imt sdk/03- imt sdk/imt_sdk_win_64/imt_sdk_win_64/winavr/bin/../lib/gcc/avr/4.3.3/avr5\libgcc.a(_exit.o)
 .bss           0x00800228        0x0 f:/course embedded system/the programming/embedded/00-tools/03-imt sdk/03- imt sdk/03- imt sdk/imt_sdk_win_64/imt_sdk_win_64/winavr/bin/../lib/gcc/avr/4.3.3/avr5\libgcc.a(_copy_data.o)
 .bss           0x00800228        0x0 f:/course embedded system/the programming/embedded/00-tools/03-imt sdk/03- imt sdk/03- imt sdk/imt_sdk_win_64/imt_sdk_win_64/winavr/bin/../lib/gcc/avr/4.3.3/avr5\libgcc.a(_clear_bss.o)
 .bss           0x00800228        0x0 f:/course embedded system/the programming/embedded/00-tools/03-imt sdk/03- imt sdk/03- imt sdk/imt_sdk_win_64/imt_sdk_win_64/winavr/bin/../lib/gcc/avr/4.3.3/avr5\libgcc.a(_fixunssfsi.o)
 .bss           0x00800228        0x0 f:/course embedded system/the programming/embedded/00-tools/03-imt sdk/03- imt sdk/03- imt sdk/imt_sdk_win_64/imt_sdk_win_64/winavr/bin/../lib/gcc/avr/4.3.3/avr5\libgcc.a(_addsub_sf.o)
 .bss           0x00800228        0x0 f:/course embedded system/the programming/embedded/00-tools/03-imt sdk/03- imt sdk/03- imt sdk/imt_sdk_win_64/imt_sdk_win_64/winavr/bin/../lib/gcc/avr/4.3.3/avr5\libgcc.a(_mul_sf.o)
 .bss           0x00800228        0x0 f:/course embedded system/the programming/embedded/00-tools/03-imt sdk/03- imt sdk/03- imt sdk/imt_sdk_win_64/imt_sdk_win_64/winavr/bin/../lib/gcc/avr/4.3.3/avr5\libgcc.a(_gt_sf.o)
 .bss           0x00800228        0x0 f:/course embedded system/the programming/embedded/00-tools/03-imt sdk/03- imt sdk/03- imt sdk/imt_sdk_win_64/imt_sdk_win_64/winavr/bin/../lib/gcc/avr/4.3.3/avr5\libgcc.a(_ge_sf.o)
 .bss           0x00800228        0x0 f:/course embedded system/the programming/embedded/00-tools/03-imt sdk/03- imt sdk/03- imt sdk/imt_sdk_win_64/imt_sdk_win_64/winavr/bin/../lib/gcc/avr/4.3.3/avr5\libgcc.a(_lt_sf.o)
 .bss           0x00800228        0x0 f:/course embedded system/the programming/embedded/00-tools/03-imt sdk/03- imt sdk/03- imt sdk/imt_sdk_win_64/imt_sdk_win_64/winavr/bin/../lib/gcc/avr/4.3.3/avr5\libgcc.a(_sf_to_si.o)
 .bss           0x00800228        0x0 f:/course embedded system/the programming/embedded/00-tools/03-imt sdk/03- imt sdk/03- imt sdk/imt_sdk_win_64/imt_sdk_win_64/winavr/bin/../lib/gcc/avr/4.3.3/avr5\libgcc.a(_thenan_sf.o)
 .bss           0x00800228        0x0 f:/course embedded system/the programming/embedded/00-tools/03-imt sdk/03- imt sdk/03- imt sdk/imt_sdk_win_64/imt_sdk_win_64/winavr/bin/../lib/gcc/avr/4.3.3/avr5\libgcc.a(_usi_to_sf.o)
 .bss           0x00800228        0x0 f:/course embedded system/the programming/embedded/00-tools/03-imt sdk/03- imt sdk/03- imt sdk/imt_sdk_win_64/imt_sdk_win_64/winavr/bin/../lib/gcc/avr/4.3.3/avr5\libgcc.a(_prologue.o)
 .bss           0x00800228        0x0 f:/course embedded system/the programming/embedded/00-tools/03-imt sdk/03- imt sdk/03- imt sdk/imt_sdk_win_64/imt_sdk_win_64/winavr/bin/../lib/gcc/avr/4.3.3/avr5\libgcc.a(_epilogue.o)
 .bss           0x00800228        0x0 f:/course embedded system/the programming/embedded/00-tools/03-imt sdk/03- imt sdk/03- imt sdk/imt_sdk_win_64/imt_sdk_win_64/winavr/bin/../lib/gcc/avr/4.3.3/avr5\libgcc.a(_clzsi2.o)
 .bss           0x00800228        0x0 f:/course embedded system/the programming/embedded/00-tools/03-imt sdk/03- imt sdk/03- imt sdk/imt_sdk_win_64/imt_sdk_win_64/winavr/bin/../lib/gcc/avr/4.3.3/avr5\libgcc.a(_pack_sf.o)
 .bss           0x00800228        0x0 f:/course embedded system/the programming/embedded/00-tools/03-imt sdk/03- imt sdk/03- imt sdk/imt_sdk_win_64/imt_sdk_win_64/winavr/bin/../lib/gcc/avr/4.3.3/avr5\libgcc.a(_unpack_sf.o)
 .bss           0x00800228        0x0 f:/course embedded system/the programming/embedded/00-tools/03-imt sdk/03- imt sdk/03- imt sdk/imt_sdk_win_64/imt_sdk_win_64/winavr/bin/../lib/gcc/avr/4.3.3/avr5\libgcc.a(_fpcmp_parts_sf.o)
 .bss           0x00800228        0x0 f:/course embedded system/the programming/embedded/00-tools/03-imt sdk/03- imt sdk/03- imt sdk/imt_sdk_win_64/imt_sdk_win_64/winavr/bin/../lib/gcc/avr/4.3.3/avr5\libgcc.a(_clz.o)
 *(.bss*)
 .bss.dynamic_payload
                0x00800228        0x1 ./NRF_programe.o
 .bss.reset_flag
                0x00800229        0x1 ./NRF_programe.o
 .bss.SPI_command
                0x0080022a        0x1 ./NRF_programe.o
 .bss.register_current_value
                0x0080022b        0x1 ./NRF_programe.o
 .bss.register_new_value
                0x0080022c        0x1 ./NRF_programe.o
 .bss.write_pointer
                0x0080022d        0x1 ./NRF_programe.o
 .bss.current_address_width
                0x0080022e        0x1 ./NRF_programe.o
 .bss.current_payload_width
                0x0080022f        0x1 ./NRF_programe.o
 .bss.ascending_number
                0x00800230        0x1 ./main.o
                0x00800230                ascending_number
 *(COMMON)
                0x00800231                PROVIDE (__bss_end, .)
                0x00001a12                __data_load_start = LOADADDR (.data)
                0x00001b3a                __data_load_end = (__data_load_start + SIZEOF (.data))

.noinit         0x00800231        0x0
                0x00800231                PROVIDE (__noinit_start, .)
 *(.noinit*)
                0x00800231                PROVIDE (__noinit_end, .)
                0x00800231                _end = .
                0x00800231                PROVIDE (__heap_start, .)

.eeprom         0x00810000        0x0
 *(.eeprom*)
                0x00810000                __eeprom_end = .

.fuse
 *(.fuse)
 *(.lfuse)
 *(.hfuse)
 *(.efuse)

.lock
 *(.lock*)

.signature
 *(.signature*)

.stab
 *(.stab)

.stabstr
 *(.stabstr)

.stab.excl
 *(.stab.excl)

.stab.exclstr
 *(.stab.exclstr)

.stab.index
 *(.stab.index)

.stab.indexstr
 *(.stab.indexstr)

.comment
 *(.comment)

.debug
 *(.debug)

.line
 *(.line)

.debug_srcinfo
 *(.debug_srcinfo)

.debug_sfnames
 *(.debug_sfnames)

.debug_aranges  0x00000000      0x180
 *(.debug_aranges)
 .debug_aranges
                0x00000000       0x20 f:/course embedded system/the programming/embedded/00-tools/03-imt sdk/03- imt sdk/03- imt sdk/imt_sdk_win_64/imt_sdk_win_64/winavr/bin/../lib/gcc/avr/4.3.3/avr5\libgcc.a(_fixunssfsi.o)
 .debug_aranges
                0x00000020       0x20 f:/course embedded system/the programming/embedded/00-tools/03-imt sdk/03- imt sdk/03- imt sdk/imt_sdk_win_64/imt_sdk_win_64/winavr/bin/../lib/gcc/avr/4.3.3/avr5\libgcc.a(_addsub_sf.o)
 .debug_aranges
                0x00000040       0x20 f:/course embedded system/the programming/embedded/00-tools/03-imt sdk/03- imt sdk/03- imt sdk/imt_sdk_win_64/imt_sdk_win_64/winavr/bin/../lib/gcc/avr/4.3.3/avr5\libgcc.a(_mul_sf.o)
 .debug_aranges
                0x00000060       0x20 f:/course embedded system/the programming/embedded/00-tools/03-imt sdk/03- imt sdk/03- imt sdk/imt_sdk_win_64/imt_sdk_win_64/winavr/bin/../lib/gcc/avr/4.3.3/avr5\libgcc.a(_gt_sf.o)
 .debug_aranges
                0x00000080       0x20 f:/course embedded system/the programming/embedded/00-tools/03-imt sdk/03- imt sdk/03- imt sdk/imt_sdk_win_64/imt_sdk_win_64/winavr/bin/../lib/gcc/avr/4.3.3/avr5\libgcc.a(_ge_sf.o)
 .debug_aranges
                0x000000a0       0x20 f:/course embedded system/the programming/embedded/00-tools/03-imt sdk/03- imt sdk/03- imt sdk/imt_sdk_win_64/imt_sdk_win_64/winavr/bin/../lib/gcc/avr/4.3.3/avr5\libgcc.a(_lt_sf.o)
 .debug_aranges
                0x000000c0       0x20 f:/course embedded system/the programming/embedded/00-tools/03-imt sdk/03- imt sdk/03- imt sdk/imt_sdk_win_64/imt_sdk_win_64/winavr/bin/../lib/gcc/avr/4.3.3/avr5\libgcc.a(_sf_to_si.o)
 .debug_aranges
                0x000000e0       0x20 f:/course embedded system/the programming/embedded/00-tools/03-imt sdk/03- imt sdk/03- imt sdk/imt_sdk_win_64/imt_sdk_win_64/winavr/bin/../lib/gcc/avr/4.3.3/avr5\libgcc.a(_usi_to_sf.o)
 .debug_aranges
                0x00000100       0x20 f:/course embedded system/the programming/embedded/00-tools/03-imt sdk/03- imt sdk/03- imt sdk/imt_sdk_win_64/imt_sdk_win_64/winavr/bin/../lib/gcc/avr/4.3.3/avr5\libgcc.a(_clzsi2.o)
 .debug_aranges
                0x00000120       0x20 f:/course embedded system/the programming/embedded/00-tools/03-imt sdk/03- imt sdk/03- imt sdk/imt_sdk_win_64/imt_sdk_win_64/winavr/bin/../lib/gcc/avr/4.3.3/avr5\libgcc.a(_pack_sf.o)
 .debug_aranges
                0x00000140       0x20 f:/course embedded system/the programming/embedded/00-tools/03-imt sdk/03- imt sdk/03- imt sdk/imt_sdk_win_64/imt_sdk_win_64/winavr/bin/../lib/gcc/avr/4.3.3/avr5\libgcc.a(_unpack_sf.o)
 .debug_aranges
                0x00000160       0x20 f:/course embedded system/the programming/embedded/00-tools/03-imt sdk/03- imt sdk/03- imt sdk/imt_sdk_win_64/imt_sdk_win_64/winavr/bin/../lib/gcc/avr/4.3.3/avr5\libgcc.a(_fpcmp_parts_sf.o)

.debug_pubnames
                0x00000000      0x1d3
 *(.debug_pubnames)
 .debug_pubnames
                0x00000000       0x23 f:/course embedded system/the programming/embedded/00-tools/03-imt sdk/03- imt sdk/03- imt sdk/imt_sdk_win_64/imt_sdk_win_64/winavr/bin/../lib/gcc/avr/4.3.3/avr5\libgcc.a(_fixunssfsi.o)
 .debug_pubnames
                0x00000023       0x2c f:/course embedded system/the programming/embedded/00-tools/03-imt sdk/03- imt sdk/03- imt sdk/imt_sdk_win_64/imt_sdk_win_64/winavr/bin/../lib/gcc/avr/4.3.3/avr5\libgcc.a(_addsub_sf.o)
 .debug_pubnames
                0x0000004f       0x1f f:/course embedded system/the programming/embedded/00-tools/03-imt sdk/03- imt sdk/03- imt sdk/imt_sdk_win_64/imt_sdk_win_64/winavr/bin/../lib/gcc/avr/4.3.3/avr5\libgcc.a(_mul_sf.o)
 .debug_pubnames
                0x0000006e       0x1e f:/course embedded system/the programming/embedded/00-tools/03-imt sdk/03- imt sdk/03- imt sdk/imt_sdk_win_64/imt_sdk_win_64/winavr/bin/../lib/gcc/avr/4.3.3/avr5\libgcc.a(_gt_sf.o)
 .debug_pubnames
                0x0000008c       0x1e f:/course embedded system/the programming/embedded/00-tools/03-imt sdk/03- imt sdk/03- imt sdk/imt_sdk_win_64/imt_sdk_win_64/winavr/bin/../lib/gcc/avr/4.3.3/avr5\libgcc.a(_ge_sf.o)
 .debug_pubnames
                0x000000aa       0x1e f:/course embedded system/the programming/embedded/00-tools/03-imt sdk/03- imt sdk/03- imt sdk/imt_sdk_win_64/imt_sdk_win_64/winavr/bin/../lib/gcc/avr/4.3.3/avr5\libgcc.a(_lt_sf.o)
 .debug_pubnames
                0x000000c8       0x20 f:/course embedded system/the programming/embedded/00-tools/03-imt sdk/03- imt sdk/03- imt sdk/imt_sdk_win_64/imt_sdk_win_64/winavr/bin/../lib/gcc/avr/4.3.3/avr5\libgcc.a(_sf_to_si.o)
 .debug_pubnames
                0x000000e8       0x22 f:/course embedded system/the programming/embedded/00-tools/03-imt sdk/03- imt sdk/03- imt sdk/imt_sdk_win_64/imt_sdk_win_64/winavr/bin/../lib/gcc/avr/4.3.3/avr5\libgcc.a(_thenan_sf.o)
 .debug_pubnames
                0x0000010a       0x24 f:/course embedded system/the programming/embedded/00-tools/03-imt sdk/03- imt sdk/03- imt sdk/imt_sdk_win_64/imt_sdk_win_64/winavr/bin/../lib/gcc/avr/4.3.3/avr5\libgcc.a(_usi_to_sf.o)
 .debug_pubnames
                0x0000012e       0x1f f:/course embedded system/the programming/embedded/00-tools/03-imt sdk/03- imt sdk/03- imt sdk/imt_sdk_win_64/imt_sdk_win_64/winavr/bin/../lib/gcc/avr/4.3.3/avr5\libgcc.a(_clzsi2.o)
 .debug_pubnames
                0x0000014d       0x1f f:/course embedded system/the programming/embedded/00-tools/03-imt sdk/03- imt sdk/03- imt sdk/imt_sdk_win_64/imt_sdk_win_64/winavr/bin/../lib/gcc/avr/4.3.3/avr5\libgcc.a(_pack_sf.o)
 .debug_pubnames
                0x0000016c       0x21 f:/course embedded system/the programming/embedded/00-tools/03-imt sdk/03- imt sdk/03- imt sdk/imt_sdk_win_64/imt_sdk_win_64/winavr/bin/../lib/gcc/avr/4.3.3/avr5\libgcc.a(_unpack_sf.o)
 .debug_pubnames
                0x0000018d       0x26 f:/course embedded system/the programming/embedded/00-tools/03-imt sdk/03- imt sdk/03- imt sdk/imt_sdk_win_64/imt_sdk_win_64/winavr/bin/../lib/gcc/avr/4.3.3/avr5\libgcc.a(_fpcmp_parts_sf.o)
 .debug_pubnames
                0x000001b3       0x20 f:/course embedded system/the programming/embedded/00-tools/03-imt sdk/03- imt sdk/03- imt sdk/imt_sdk_win_64/imt_sdk_win_64/winavr/bin/../lib/gcc/avr/4.3.3/avr5\libgcc.a(_clz.o)

.debug_info     0x00000000     0x200f
 *(.debug_info)
 .debug_info    0x00000000       0xb1 f:/course embedded system/the programming/embedded/00-tools/03-imt sdk/03- imt sdk/03- imt sdk/imt_sdk_win_64/imt_sdk_win_64/winavr/bin/../lib/gcc/avr/4.3.3/avr5\libgcc.a(_fixunssfsi.o)
 .debug_info    0x000000b1      0x47a f:/course embedded system/the programming/embedded/00-tools/03-imt sdk/03- imt sdk/03- imt sdk/imt_sdk_win_64/imt_sdk_win_64/winavr/bin/../lib/gcc/avr/4.3.3/avr5\libgcc.a(_addsub_sf.o)
 .debug_info    0x0000052b      0x485 f:/course embedded system/the programming/embedded/00-tools/03-imt sdk/03- imt sdk/03- imt sdk/imt_sdk_win_64/imt_sdk_win_64/winavr/bin/../lib/gcc/avr/4.3.3/avr5\libgcc.a(_mul_sf.o)
 .debug_info    0x000009b0      0x27f f:/course embedded system/the programming/embedded/00-tools/03-imt sdk/03- imt sdk/03- imt sdk/imt_sdk_win_64/imt_sdk_win_64/winavr/bin/../lib/gcc/avr/4.3.3/avr5\libgcc.a(_gt_sf.o)
 .debug_info    0x00000c2f      0x27f f:/course embedded system/the programming/embedded/00-tools/03-imt sdk/03- imt sdk/03- imt sdk/imt_sdk_win_64/imt_sdk_win_64/winavr/bin/../lib/gcc/avr/4.3.3/avr5\libgcc.a(_ge_sf.o)
 .debug_info    0x00000eae      0x27f f:/course embedded system/the programming/embedded/00-tools/03-imt sdk/03- imt sdk/03- imt sdk/imt_sdk_win_64/imt_sdk_win_64/winavr/bin/../lib/gcc/avr/4.3.3/avr5\libgcc.a(_lt_sf.o)
 .debug_info    0x0000112d      0x2b0 f:/course embedded system/the programming/embedded/00-tools/03-imt sdk/03- imt sdk/03- imt sdk/imt_sdk_win_64/imt_sdk_win_64/winavr/bin/../lib/gcc/avr/4.3.3/avr5\libgcc.a(_sf_to_si.o)
 .debug_info    0x000013dd      0x12c f:/course embedded system/the programming/embedded/00-tools/03-imt sdk/03- imt sdk/03- imt sdk/imt_sdk_win_64/imt_sdk_win_64/winavr/bin/../lib/gcc/avr/4.3.3/avr5\libgcc.a(_thenan_sf.o)
 .debug_info    0x00001509      0x206 f:/course embedded system/the programming/embedded/00-tools/03-imt sdk/03- imt sdk/03- imt sdk/imt_sdk_win_64/imt_sdk_win_64/winavr/bin/../lib/gcc/avr/4.3.3/avr5\libgcc.a(_usi_to_sf.o)
 .debug_info    0x0000170f      0x117 f:/course embedded system/the programming/embedded/00-tools/03-imt sdk/03- imt sdk/03- imt sdk/imt_sdk_win_64/imt_sdk_win_64/winavr/bin/../lib/gcc/avr/4.3.3/avr5\libgcc.a(_clzsi2.o)
 .debug_info    0x00001826      0x2df f:/course embedded system/the programming/embedded/00-tools/03-imt sdk/03- imt sdk/03- imt sdk/imt_sdk_win_64/imt_sdk_win_64/winavr/bin/../lib/gcc/avr/4.3.3/avr5\libgcc.a(_pack_sf.o)
 .debug_info    0x00001b05      0x251 f:/course embedded system/the programming/embedded/00-tools/03-imt sdk/03- imt sdk/03- imt sdk/imt_sdk_win_64/imt_sdk_win_64/winavr/bin/../lib/gcc/avr/4.3.3/avr5\libgcc.a(_unpack_sf.o)
 .debug_info    0x00001d56      0x210 f:/course embedded system/the programming/embedded/00-tools/03-imt sdk/03- imt sdk/03- imt sdk/imt_sdk_win_64/imt_sdk_win_64/winavr/bin/../lib/gcc/avr/4.3.3/avr5\libgcc.a(_fpcmp_parts_sf.o)
 .debug_info    0x00001f66       0xa9 f:/course embedded system/the programming/embedded/00-tools/03-imt sdk/03- imt sdk/03- imt sdk/imt_sdk_win_64/imt_sdk_win_64/winavr/bin/../lib/gcc/avr/4.3.3/avr5\libgcc.a(_clz.o)
 *(.gnu.linkonce.wi.*)

.debug_abbrev   0x00000000     0x1170
 *(.debug_abbrev)
 .debug_abbrev  0x00000000       0x5d f:/course embedded system/the programming/embedded/00-tools/03-imt sdk/03- imt sdk/03- imt sdk/imt_sdk_win_64/imt_sdk_win_64/winavr/bin/../lib/gcc/avr/4.3.3/avr5\libgcc.a(_fixunssfsi.o)
 .debug_abbrev  0x0000005d      0x1ea f:/course embedded system/the programming/embedded/00-tools/03-imt sdk/03- imt sdk/03- imt sdk/imt_sdk_win_64/imt_sdk_win_64/winavr/bin/../lib/gcc/avr/4.3.3/avr5\libgcc.a(_addsub_sf.o)
 .debug_abbrev  0x00000247      0x21b f:/course embedded system/the programming/embedded/00-tools/03-imt sdk/03- imt sdk/03- imt sdk/imt_sdk_win_64/imt_sdk_win_64/winavr/bin/../lib/gcc/avr/4.3.3/avr5\libgcc.a(_mul_sf.o)
 .debug_abbrev  0x00000462      0x15a f:/course embedded system/the programming/embedded/00-tools/03-imt sdk/03- imt sdk/03- imt sdk/imt_sdk_win_64/imt_sdk_win_64/winavr/bin/../lib/gcc/avr/4.3.3/avr5\libgcc.a(_gt_sf.o)
 .debug_abbrev  0x000005bc      0x15a f:/course embedded system/the programming/embedded/00-tools/03-imt sdk/03- imt sdk/03- imt sdk/imt_sdk_win_64/imt_sdk_win_64/winavr/bin/../lib/gcc/avr/4.3.3/avr5\libgcc.a(_ge_sf.o)
 .debug_abbrev  0x00000716      0x15a f:/course embedded system/the programming/embedded/00-tools/03-imt sdk/03- imt sdk/03- imt sdk/imt_sdk_win_64/imt_sdk_win_64/winavr/bin/../lib/gcc/avr/4.3.3/avr5\libgcc.a(_lt_sf.o)
 .debug_abbrev  0x00000870      0x17f f:/course embedded system/the programming/embedded/00-tools/03-imt sdk/03- imt sdk/03- imt sdk/imt_sdk_win_64/imt_sdk_win_64/winavr/bin/../lib/gcc/avr/4.3.3/avr5\libgcc.a(_sf_to_si.o)
 .debug_abbrev  0x000009ef       0xad f:/course embedded system/the programming/embedded/00-tools/03-imt sdk/03- imt sdk/03- imt sdk/imt_sdk_win_64/imt_sdk_win_64/winavr/bin/../lib/gcc/avr/4.3.3/avr5\libgcc.a(_thenan_sf.o)
 .debug_abbrev  0x00000a9c      0x157 f:/course embedded system/the programming/embedded/00-tools/03-imt sdk/03- imt sdk/03- imt sdk/imt_sdk_win_64/imt_sdk_win_64/winavr/bin/../lib/gcc/avr/4.3.3/avr5\libgcc.a(_usi_to_sf.o)
 .debug_abbrev  0x00000bf3       0xc4 f:/course embedded system/the programming/embedded/00-tools/03-imt sdk/03- imt sdk/03- imt sdk/imt_sdk_win_64/imt_sdk_win_64/winavr/bin/../lib/gcc/avr/4.3.3/avr5\libgcc.a(_clzsi2.o)
 .debug_abbrev  0x00000cb7      0x1c0 f:/course embedded system/the programming/embedded/00-tools/03-imt sdk/03- imt sdk/03- imt sdk/imt_sdk_win_64/imt_sdk_win_64/winavr/bin/../lib/gcc/avr/4.3.3/avr5\libgcc.a(_pack_sf.o)
 .debug_abbrev  0x00000e77      0x154 f:/course embedded system/the programming/embedded/00-tools/03-imt sdk/03- imt sdk/03- imt sdk/imt_sdk_win_64/imt_sdk_win_64/winavr/bin/../lib/gcc/avr/4.3.3/avr5\libgcc.a(_unpack_sf.o)
 .debug_abbrev  0x00000fcb      0x13b f:/course embedded system/the programming/embedded/00-tools/03-imt sdk/03- imt sdk/03- imt sdk/imt_sdk_win_64/imt_sdk_win_64/winavr/bin/../lib/gcc/avr/4.3.3/avr5\libgcc.a(_fpcmp_parts_sf.o)
 .debug_abbrev  0x00001106       0x6a f:/course embedded system/the programming/embedded/00-tools/03-imt sdk/03- imt sdk/03- imt sdk/imt_sdk_win_64/imt_sdk_win_64/winavr/bin/../lib/gcc/avr/4.3.3/avr5\libgcc.a(_clz.o)

.debug_line     0x00000000     0x1001
 *(.debug_line)
 .debug_line    0x00000000       0xa7 f:/course embedded system/the programming/embedded/00-tools/03-imt sdk/03- imt sdk/03- imt sdk/imt_sdk_win_64/imt_sdk_win_64/winavr/bin/../lib/gcc/avr/4.3.3/avr5\libgcc.a(_fixunssfsi.o)
 .debug_line    0x000000a7      0x2af f:/course embedded system/the programming/embedded/00-tools/03-imt sdk/03- imt sdk/03- imt sdk/imt_sdk_win_64/imt_sdk_win_64/winavr/bin/../lib/gcc/avr/4.3.3/avr5\libgcc.a(_addsub_sf.o)
 .debug_line    0x00000356      0x239 f:/course embedded system/the programming/embedded/00-tools/03-imt sdk/03- imt sdk/03- imt sdk/imt_sdk_win_64/imt_sdk_win_64/winavr/bin/../lib/gcc/avr/4.3.3/avr5\libgcc.a(_mul_sf.o)
 .debug_line    0x0000058f       0xd3 f:/course embedded system/the programming/embedded/00-tools/03-imt sdk/03- imt sdk/03- imt sdk/imt_sdk_win_64/imt_sdk_win_64/winavr/bin/../lib/gcc/avr/4.3.3/avr5\libgcc.a(_gt_sf.o)
 .debug_line    0x00000662       0xd3 f:/course embedded system/the programming/embedded/00-tools/03-imt sdk/03- imt sdk/03- imt sdk/imt_sdk_win_64/imt_sdk_win_64/winavr/bin/../lib/gcc/avr/4.3.3/avr5\libgcc.a(_ge_sf.o)
 .debug_line    0x00000735       0xd3 f:/course embedded system/the programming/embedded/00-tools/03-imt sdk/03- imt sdk/03- imt sdk/imt_sdk_win_64/imt_sdk_win_64/winavr/bin/../lib/gcc/avr/4.3.3/avr5\libgcc.a(_lt_sf.o)
 .debug_line    0x00000808      0x109 f:/course embedded system/the programming/embedded/00-tools/03-imt sdk/03- imt sdk/03- imt sdk/imt_sdk_win_64/imt_sdk_win_64/winavr/bin/../lib/gcc/avr/4.3.3/avr5\libgcc.a(_sf_to_si.o)
 .debug_line    0x00000911       0x90 f:/course embedded system/the programming/embedded/00-tools/03-imt sdk/03- imt sdk/03- imt sdk/imt_sdk_win_64/imt_sdk_win_64/winavr/bin/../lib/gcc/avr/4.3.3/avr5\libgcc.a(_thenan_sf.o)
 .debug_line    0x000009a1      0x133 f:/course embedded system/the programming/embedded/00-tools/03-imt sdk/03- imt sdk/03- imt sdk/imt_sdk_win_64/imt_sdk_win_64/winavr/bin/../lib/gcc/avr/4.3.3/avr5\libgcc.a(_usi_to_sf.o)
 .debug_line    0x00000ad4       0xa5 f:/course embedded system/the programming/embedded/00-tools/03-imt sdk/03- imt sdk/03- imt sdk/imt_sdk_win_64/imt_sdk_win_64/winavr/bin/../lib/gcc/avr/4.3.3/avr5\libgcc.a(_clzsi2.o)
 .debug_line    0x00000b79      0x18a f:/course embedded system/the programming/embedded/00-tools/03-imt sdk/03- imt sdk/03- imt sdk/imt_sdk_win_64/imt_sdk_win_64/winavr/bin/../lib/gcc/avr/4.3.3/avr5\libgcc.a(_pack_sf.o)
 .debug_line    0x00000d03      0x14b f:/course embedded system/the programming/embedded/00-tools/03-imt sdk/03- imt sdk/03- imt sdk/imt_sdk_win_64/imt_sdk_win_64/winavr/bin/../lib/gcc/avr/4.3.3/avr5\libgcc.a(_unpack_sf.o)
 .debug_line    0x00000e4e      0x137 f:/course embedded system/the programming/embedded/00-tools/03-imt sdk/03- imt sdk/03- imt sdk/imt_sdk_win_64/imt_sdk_win_64/winavr/bin/../lib/gcc/avr/4.3.3/avr5\libgcc.a(_fpcmp_parts_sf.o)
 .debug_line    0x00000f85       0x7c f:/course embedded system/the programming/embedded/00-tools/03-imt sdk/03- imt sdk/03- imt sdk/imt_sdk_win_64/imt_sdk_win_64/winavr/bin/../lib/gcc/avr/4.3.3/avr5\libgcc.a(_clz.o)

.debug_frame    0x00000000      0x1a0
 *(.debug_frame)
 .debug_frame   0x00000000       0x20 f:/course embedded system/the programming/embedded/00-tools/03-imt sdk/03- imt sdk/03- imt sdk/imt_sdk_win_64/imt_sdk_win_64/winavr/bin/../lib/gcc/avr/4.3.3/avr5\libgcc.a(_fixunssfsi.o)
 .debug_frame   0x00000020       0x40 f:/course embedded system/the programming/embedded/00-tools/03-imt sdk/03- imt sdk/03- imt sdk/imt_sdk_win_64/imt_sdk_win_64/winavr/bin/../lib/gcc/avr/4.3.3/avr5\libgcc.a(_addsub_sf.o)
 .debug_frame   0x00000060       0x20 f:/course embedded system/the programming/embedded/00-tools/03-imt sdk/03- imt sdk/03- imt sdk/imt_sdk_win_64/imt_sdk_win_64/winavr/bin/../lib/gcc/avr/4.3.3/avr5\libgcc.a(_mul_sf.o)
 .debug_frame   0x00000080       0x20 f:/course embedded system/the programming/embedded/00-tools/03-imt sdk/03- imt sdk/03- imt sdk/imt_sdk_win_64/imt_sdk_win_64/winavr/bin/../lib/gcc/avr/4.3.3/avr5\libgcc.a(_gt_sf.o)
 .debug_frame   0x000000a0       0x20 f:/course embedded system/the programming/embedded/00-tools/03-imt sdk/03- imt sdk/03- imt sdk/imt_sdk_win_64/imt_sdk_win_64/winavr/bin/../lib/gcc/avr/4.3.3/avr5\libgcc.a(_ge_sf.o)
 .debug_frame   0x000000c0       0x20 f:/course embedded system/the programming/embedded/00-tools/03-imt sdk/03- imt sdk/03- imt sdk/imt_sdk_win_64/imt_sdk_win_64/winavr/bin/../lib/gcc/avr/4.3.3/avr5\libgcc.a(_lt_sf.o)
 .debug_frame   0x000000e0       0x20 f:/course embedded system/the programming/embedded/00-tools/03-imt sdk/03- imt sdk/03- imt sdk/imt_sdk_win_64/imt_sdk_win_64/winavr/bin/../lib/gcc/avr/4.3.3/avr5\libgcc.a(_sf_to_si.o)
 .debug_frame   0x00000100       0x20 f:/course embedded system/the programming/embedded/00-tools/03-imt sdk/03- imt sdk/03- imt sdk/imt_sdk_win_64/imt_sdk_win_64/winavr/bin/../lib/gcc/avr/4.3.3/avr5\libgcc.a(_usi_to_sf.o)
 .debug_frame   0x00000120       0x20 f:/course embedded system/the programming/embedded/00-tools/03-imt sdk/03- imt sdk/03- imt sdk/imt_sdk_win_64/imt_sdk_win_64/winavr/bin/../lib/gcc/avr/4.3.3/avr5\libgcc.a(_clzsi2.o)
 .debug_frame   0x00000140       0x20 f:/course embedded system/the programming/embedded/00-tools/03-imt sdk/03- imt sdk/03- imt sdk/imt_sdk_win_64/imt_sdk_win_64/winavr/bin/../lib/gcc/avr/4.3.3/avr5\libgcc.a(_pack_sf.o)
 .debug_frame   0x00000160       0x20 f:/course embedded system/the programming/embedded/00-tools/03-imt sdk/03- imt sdk/03- imt sdk/imt_sdk_win_64/imt_sdk_win_64/winavr/bin/../lib/gcc/avr/4.3.3/avr5\libgcc.a(_unpack_sf.o)
 .debug_frame   0x00000180       0x20 f:/course embedded system/the programming/embedded/00-tools/03-imt sdk/03- imt sdk/03- imt sdk/imt_sdk_win_64/imt_sdk_win_64/winavr/bin/../lib/gcc/avr/4.3.3/avr5\libgcc.a(_fpcmp_parts_sf.o)

.debug_str      0x00000000      0x2c1
 *(.debug_str)
 .debug_str     0x00000000       0xbf f:/course embedded system/the programming/embedded/00-tools/03-imt sdk/03- imt sdk/03- imt sdk/imt_sdk_win_64/imt_sdk_win_64/winavr/bin/../lib/gcc/avr/4.3.3/avr5\libgcc.a(_fixunssfsi.o)
                                 0xfe (size before relaxing)
 .debug_str     0x000000bf      0x14d f:/course embedded system/the programming/embedded/00-tools/03-imt sdk/03- imt sdk/03- imt sdk/imt_sdk_win_64/imt_sdk_win_64/winavr/bin/../lib/gcc/avr/4.3.3/avr5\libgcc.a(_addsub_sf.o)
                                0x206 (size before relaxing)
 .debug_str     0x0000020c       0x27 f:/course embedded system/the programming/embedded/00-tools/03-imt sdk/03- imt sdk/03- imt sdk/imt_sdk_win_64/imt_sdk_win_64/winavr/bin/../lib/gcc/avr/4.3.3/avr5\libgcc.a(_mul_sf.o)
                                0x1bf (size before relaxing)
 .debug_str     0x00000233        0x8 f:/course embedded system/the programming/embedded/00-tools/03-imt sdk/03- imt sdk/03- imt sdk/imt_sdk_win_64/imt_sdk_win_64/winavr/bin/../lib/gcc/avr/4.3.3/avr5\libgcc.a(_gt_sf.o)
                                0x195 (size before relaxing)
 .debug_str     0x0000023b        0x8 f:/course embedded system/the programming/embedded/00-tools/03-imt sdk/03- imt sdk/03- imt sdk/imt_sdk_win_64/imt_sdk_win_64/winavr/bin/../lib/gcc/avr/4.3.3/avr5\libgcc.a(_ge_sf.o)
                                0x195 (size before relaxing)
 .debug_str     0x00000243        0x8 f:/course embedded system/the programming/embedded/00-tools/03-imt sdk/03- imt sdk/03- imt sdk/imt_sdk_win_64/imt_sdk_win_64/winavr/bin/../lib/gcc/avr/4.3.3/avr5\libgcc.a(_lt_sf.o)
                                0x195 (size before relaxing)
 .debug_str     0x0000024b        0xa f:/course embedded system/the programming/embedded/00-tools/03-imt sdk/03- imt sdk/03- imt sdk/imt_sdk_win_64/imt_sdk_win_64/winavr/bin/../lib/gcc/avr/4.3.3/avr5\libgcc.a(_sf_to_si.o)
                                0x19e (size before relaxing)
 .debug_str     0x00000000      0x103 f:/course embedded system/the programming/embedded/00-tools/03-imt sdk/03- imt sdk/03- imt sdk/imt_sdk_win_64/imt_sdk_win_64/winavr/bin/../lib/gcc/avr/4.3.3/avr5\libgcc.a(_thenan_sf.o)
 .debug_str     0x00000255       0x21 f:/course embedded system/the programming/embedded/00-tools/03-imt sdk/03- imt sdk/03- imt sdk/imt_sdk_win_64/imt_sdk_win_64/winavr/bin/../lib/gcc/avr/4.3.3/avr5\libgcc.a(_usi_to_sf.o)
                                0x177 (size before relaxing)
 .debug_str     0x00000276       0x20 f:/course embedded system/the programming/embedded/00-tools/03-imt sdk/03- imt sdk/03- imt sdk/imt_sdk_win_64/imt_sdk_win_64/winavr/bin/../lib/gcc/avr/4.3.3/avr5\libgcc.a(_clzsi2.o)
                                0x111 (size before relaxing)
 .debug_str     0x00000296       0x10 f:/course embedded system/the programming/embedded/00-tools/03-imt sdk/03- imt sdk/03- imt sdk/imt_sdk_win_64/imt_sdk_win_64/winavr/bin/../lib/gcc/avr/4.3.3/avr5\libgcc.a(_pack_sf.o)
                                0x19d (size before relaxing)
 .debug_str     0x000002a6        0xb f:/course embedded system/the programming/embedded/00-tools/03-imt sdk/03- imt sdk/03- imt sdk/imt_sdk_win_64/imt_sdk_win_64/winavr/bin/../lib/gcc/avr/4.3.3/avr5\libgcc.a(_unpack_sf.o)
                                0x17f (size before relaxing)
 .debug_str     0x000002b1       0x10 f:/course embedded system/the programming/embedded/00-tools/03-imt sdk/03- imt sdk/03- imt sdk/imt_sdk_win_64/imt_sdk_win_64/winavr/bin/../lib/gcc/avr/4.3.3/avr5\libgcc.a(_fpcmp_parts_sf.o)
                                0x163 (size before relaxing)
 .debug_str     0x00000000       0xf4 f:/course embedded system/the programming/embedded/00-tools/03-imt sdk/03- imt sdk/03- imt sdk/imt_sdk_win_64/imt_sdk_win_64/winavr/bin/../lib/gcc/avr/4.3.3/avr5\libgcc.a(_clz.o)

.debug_loc      0x00000000      0x8ae
 *(.debug_loc)
 .debug_loc     0x00000000       0x34 f:/course embedded system/the programming/embedded/00-tools/03-imt sdk/03- imt sdk/03- imt sdk/imt_sdk_win_64/imt_sdk_win_64/winavr/bin/../lib/gcc/avr/4.3.3/avr5\libgcc.a(_fixunssfsi.o)
 .debug_loc     0x00000034      0x32a f:/course embedded system/the programming/embedded/00-tools/03-imt sdk/03- imt sdk/03- imt sdk/imt_sdk_win_64/imt_sdk_win_64/winavr/bin/../lib/gcc/avr/4.3.3/avr5\libgcc.a(_addsub_sf.o)
 .debug_loc     0x0000035e      0x104 f:/course embedded system/the programming/embedded/00-tools/03-imt sdk/03- imt sdk/03- imt sdk/imt_sdk_win_64/imt_sdk_win_64/winavr/bin/../lib/gcc/avr/4.3.3/avr5\libgcc.a(_mul_sf.o)
 .debug_loc     0x00000462       0x3c f:/course embedded system/the programming/embedded/00-tools/03-imt sdk/03- imt sdk/03- imt sdk/imt_sdk_win_64/imt_sdk_win_64/winavr/bin/../lib/gcc/avr/4.3.3/avr5\libgcc.a(_gt_sf.o)
 .debug_loc     0x0000049e       0x3c f:/course embedded system/the programming/embedded/00-tools/03-imt sdk/03- imt sdk/03- imt sdk/imt_sdk_win_64/imt_sdk_win_64/winavr/bin/../lib/gcc/avr/4.3.3/avr5\libgcc.a(_ge_sf.o)
 .debug_loc     0x000004da       0x3c f:/course embedded system/the programming/embedded/00-tools/03-imt sdk/03- imt sdk/03- imt sdk/imt_sdk_win_64/imt_sdk_win_64/winavr/bin/../lib/gcc/avr/4.3.3/avr5\libgcc.a(_lt_sf.o)
 .debug_loc     0x00000516       0x7e f:/course embedded system/the programming/embedded/00-tools/03-imt sdk/03- imt sdk/03- imt sdk/imt_sdk_win_64/imt_sdk_win_64/winavr/bin/../lib/gcc/avr/4.3.3/avr5\libgcc.a(_sf_to_si.o)
 .debug_loc     0x00000594       0x4c f:/course embedded system/the programming/embedded/00-tools/03-imt sdk/03- imt sdk/03- imt sdk/imt_sdk_win_64/imt_sdk_win_64/winavr/bin/../lib/gcc/avr/4.3.3/avr5\libgcc.a(_usi_to_sf.o)
 .debug_loc     0x000005e0       0x94 f:/course embedded system/the programming/embedded/00-tools/03-imt sdk/03- imt sdk/03- imt sdk/imt_sdk_win_64/imt_sdk_win_64/winavr/bin/../lib/gcc/avr/4.3.3/avr5\libgcc.a(_clzsi2.o)
 .debug_loc     0x00000674      0x13e f:/course embedded system/the programming/embedded/00-tools/03-imt sdk/03- imt sdk/03- imt sdk/imt_sdk_win_64/imt_sdk_win_64/winavr/bin/../lib/gcc/avr/4.3.3/avr5\libgcc.a(_pack_sf.o)
 .debug_loc     0x000007b2       0xac f:/course embedded system/the programming/embedded/00-tools/03-imt sdk/03- imt sdk/03- imt sdk/imt_sdk_win_64/imt_sdk_win_64/winavr/bin/../lib/gcc/avr/4.3.3/avr5\libgcc.a(_unpack_sf.o)
 .debug_loc     0x0000085e       0x50 f:/course embedded system/the programming/embedded/00-tools/03-imt sdk/03- imt sdk/03- imt sdk/imt_sdk_win_64/imt_sdk_win_64/winavr/bin/../lib/gcc/avr/4.3.3/avr5\libgcc.a(_fpcmp_parts_sf.o)

.debug_macinfo
 *(.debug_macinfo)
OUTPUT(NRF_2_TX.elf elf32-avr)
LOAD linker stubs

.debug_ranges   0x00000000       0x50
 .debug_ranges  0x00000000       0x50 f:/course embedded system/the programming/embedded/00-tools/03-imt sdk/03- imt sdk/03- imt sdk/imt_sdk_win_64/imt_sdk_win_64/winavr/bin/../lib/gcc/avr/4.3.3/avr5\libgcc.a(_mul_sf.o)
