Archive member included because of file (symbol)

f:/course embedded system/the programming/embedded/00-tools/03-imt sdk/03- imt sdk/03- imt sdk/imt_sdk_win_64/imt_sdk_win_64/winavr/bin/../lib/gcc/avr/4.3.3/avr5\libgcc.a(_divmodhi4.o)
                              ./TIMERS_programe.o (__divmodhi4)
f:/course embedded system/the programming/embedded/00-tools/03-imt sdk/03- imt sdk/03- imt sdk/imt_sdk_win_64/imt_sdk_win_64/winavr/bin/../lib/gcc/avr/4.3.3/avr5\libgcc.a(_exit.o)
                              f:/course embedded system/the programming/embedded/00-tools/03-imt sdk/03- imt sdk/03- imt sdk/imt_sdk_win_64/imt_sdk_win_64/winavr/bin/../lib/gcc/avr/4.3.3/../../../../avr/lib/avr5/crtm328p.o (exit)
f:/course embedded system/the programming/embedded/00-tools/03-imt sdk/03- imt sdk/03- imt sdk/imt_sdk_win_64/imt_sdk_win_64/winavr/bin/../lib/gcc/avr/4.3.3/avr5\libgcc.a(_copy_data.o)
                              ./main.o (__do_copy_data)
f:/course embedded system/the programming/embedded/00-tools/03-imt sdk/03- imt sdk/03- imt sdk/imt_sdk_win_64/imt_sdk_win_64/winavr/bin/../lib/gcc/avr/4.3.3/avr5\libgcc.a(_clear_bss.o)
                              ./EXTI_programe.o (__do_clear_bss)
f:/course embedded system/the programming/embedded/00-tools/03-imt sdk/03- imt sdk/03- imt sdk/imt_sdk_win_64/imt_sdk_win_64/winavr/bin/../lib/gcc/avr/4.3.3/avr5\libgcc.a(_udivmodhi4.o)
                              f:/course embedded system/the programming/embedded/00-tools/03-imt sdk/03- imt sdk/03- imt sdk/imt_sdk_win_64/imt_sdk_win_64/winavr/bin/../lib/gcc/avr/4.3.3/avr5\libgcc.a(_divmodhi4.o) (__udivmodhi4)

Memory Configuration

Name             Origin             Length             Attributes
text             0x00000000         0x00020000         xr
data             0x00800060         0x0000ffa0         rw !x
eeprom           0x00810000         0x00010000         rw !x
fuse             0x00820000         0x00000400         rw !x
lock             0x00830000         0x00000400         rw !x
signature        0x00840000         0x00000400         rw !x
*default*        0x00000000         0xffffffff

Linker script and memory map

Address of section .data set to 0x800100
LOAD f:/course embedded system/the programming/embedded/00-tools/03-imt sdk/03- imt sdk/03- imt sdk/imt_sdk_win_64/imt_sdk_win_64/winavr/bin/../lib/gcc/avr/4.3.3/../../../../avr/lib/avr5/crtm328p.o
LOAD ./DIO_program.o
LOAD ./EXTI_programe.o
LOAD ./GIE_programe.o
LOAD ./PORT_Programe.o
LOAD ./TIMERS_programe.o
LOAD ./main.o
LOAD f:/course embedded system/the programming/embedded/00-tools/03-imt sdk/03- imt sdk/03- imt sdk/imt_sdk_win_64/imt_sdk_win_64/winavr/bin/../lib/gcc/avr/4.3.3/avr5\libgcc.a
LOAD f:/course embedded system/the programming/embedded/00-tools/03-imt sdk/03- imt sdk/03- imt sdk/imt_sdk_win_64/imt_sdk_win_64/winavr/bin/../lib/gcc/avr/4.3.3/../../../../avr/lib/avr5\libc.a
LOAD f:/course embedded system/the programming/embedded/00-tools/03-imt sdk/03- imt sdk/03- imt sdk/imt_sdk_win_64/imt_sdk_win_64/winavr/bin/../lib/gcc/avr/4.3.3/avr5\libgcc.a

.hash
 *(.hash)

.dynsym
 *(.dynsym)

.dynstr
 *(.dynstr)

.gnu.version
 *(.gnu.version)

.gnu.version_d
 *(.gnu.version_d)

.gnu.version_r
 *(.gnu.version_r)

.rel.init
 *(.rel.init)

.rela.init
 *(.rela.init)

.rel.text
 *(.rel.text)
 *(.rel.text.*)
 *(.rel.gnu.linkonce.t*)

.rela.text
 *(.rela.text)
 *(.rela.text.*)
 *(.rela.gnu.linkonce.t*)

.rel.fini
 *(.rel.fini)

.rela.fini
 *(.rela.fini)

.rel.rodata
 *(.rel.rodata)
 *(.rel.rodata.*)
 *(.rel.gnu.linkonce.r*)

.rela.rodata
 *(.rela.rodata)
 *(.rela.rodata.*)
 *(.rela.gnu.linkonce.r*)

.rel.data
 *(.rel.data)
 *(.rel.data.*)
 *(.rel.gnu.linkonce.d*)

.rela.data
 *(.rela.data)
 *(.rela.data.*)
 *(.rela.gnu.linkonce.d*)

.rel.ctors
 *(.rel.ctors)

.rela.ctors
 *(.rela.ctors)

.rel.dtors
 *(.rel.dtors)

.rela.dtors
 *(.rela.dtors)

.rel.got
 *(.rel.got)

.rela.got
 *(.rela.got)

.rel.bss
 *(.rel.bss)

.rela.bss
 *(.rela.bss)

.rel.plt
 *(.rel.plt)

.rela.plt
 *(.rela.plt)

.text           0x00000000      0xd98
 *(.vectors)
 .vectors       0x00000000       0x68 f:/course embedded system/the programming/embedded/00-tools/03-imt sdk/03- imt sdk/03- imt sdk/imt_sdk_win_64/imt_sdk_win_64/winavr/bin/../lib/gcc/avr/4.3.3/../../../../avr/lib/avr5/crtm328p.o
                0x00000000                __vectors
                0x00000000                __vector_default
 *(.vectors)
 *(.progmem.gcc*)
 *(.progmem*)
                0x00000068                . = ALIGN (0x2)
                0x00000068                __trampolines_start = .
 *(.trampolines)
 .trampolines   0x00000068        0x0 linker stubs
 *(.trampolines*)
                0x00000068                __trampolines_end = .
 *(.jumptables)
 *(.jumptables*)
 *(.lowtext)
 *(.lowtext*)
                0x00000068                __ctors_start = .
 *(.ctors)
                0x00000068                __ctors_end = .
                0x00000068                __dtors_start = .
 *(.dtors)
                0x00000068                __dtors_end = .
 SORT(*)(.ctors)
 SORT(*)(.dtors)
 *(.init0)
 .init0         0x00000068        0x0 f:/course embedded system/the programming/embedded/00-tools/03-imt sdk/03- imt sdk/03- imt sdk/imt_sdk_win_64/imt_sdk_win_64/winavr/bin/../lib/gcc/avr/4.3.3/../../../../avr/lib/avr5/crtm328p.o
                0x00000068                __init
 *(.init0)
 *(.init1)
 *(.init1)
 *(.init2)
 .init2         0x00000068        0xc f:/course embedded system/the programming/embedded/00-tools/03-imt sdk/03- imt sdk/03- imt sdk/imt_sdk_win_64/imt_sdk_win_64/winavr/bin/../lib/gcc/avr/4.3.3/../../../../avr/lib/avr5/crtm328p.o
 *(.init2)
 *(.init3)
 *(.init3)
 *(.init4)
 .init4         0x00000074       0x16 f:/course embedded system/the programming/embedded/00-tools/03-imt sdk/03- imt sdk/03- imt sdk/imt_sdk_win_64/imt_sdk_win_64/winavr/bin/../lib/gcc/avr/4.3.3/avr5\libgcc.a(_copy_data.o)
                0x00000074                __do_copy_data
 .init4         0x0000008a       0x10 f:/course embedded system/the programming/embedded/00-tools/03-imt sdk/03- imt sdk/03- imt sdk/imt_sdk_win_64/imt_sdk_win_64/winavr/bin/../lib/gcc/avr/4.3.3/avr5\libgcc.a(_clear_bss.o)
                0x0000008a                __do_clear_bss
 *(.init4)
 *(.init5)
 *(.init5)
 *(.init6)
 *(.init6)
 *(.init7)
 *(.init7)
 *(.init8)
 *(.init8)
 *(.init9)
 .init9         0x0000009a        0x8 f:/course embedded system/the programming/embedded/00-tools/03-imt sdk/03- imt sdk/03- imt sdk/imt_sdk_win_64/imt_sdk_win_64/winavr/bin/../lib/gcc/avr/4.3.3/../../../../avr/lib/avr5/crtm328p.o
 *(.init9)
 *(.text)
 .text          0x000000a2        0x4 f:/course embedded system/the programming/embedded/00-tools/03-imt sdk/03- imt sdk/03- imt sdk/imt_sdk_win_64/imt_sdk_win_64/winavr/bin/../lib/gcc/avr/4.3.3/../../../../avr/lib/avr5/crtm328p.o
                0x000000a2                __vector_22
                0x000000a2                __vector_24
                0x000000a2                __bad_interrupt
                0x000000a2                __vector_6
                0x000000a2                __vector_3
                0x000000a2                __vector_23
                0x000000a2                __vector_25
                0x000000a2                __vector_17
                0x000000a2                __vector_19
                0x000000a2                __vector_5
                0x000000a2                __vector_4
                0x000000a2                __vector_21
                0x000000a2                __vector_10
                0x000000a2                __vector_18
                0x000000a2                __vector_20
 .text          0x000000a6        0x0 ./DIO_program.o
 .text          0x000000a6        0x0 ./EXTI_programe.o
 .text          0x000000a6        0x0 ./GIE_programe.o
 .text          0x000000a6        0x0 ./PORT_Programe.o
 .text          0x000000a6        0x0 ./TIMERS_programe.o
 .text          0x000000a6        0x0 ./main.o
 .text          0x000000a6        0x0 f:/course embedded system/the programming/embedded/00-tools/03-imt sdk/03- imt sdk/03- imt sdk/imt_sdk_win_64/imt_sdk_win_64/winavr/bin/../lib/gcc/avr/4.3.3/avr5\libgcc.a(_divmodhi4.o)
 .text          0x000000a6        0x0 f:/course embedded system/the programming/embedded/00-tools/03-imt sdk/03- imt sdk/03- imt sdk/imt_sdk_win_64/imt_sdk_win_64/winavr/bin/../lib/gcc/avr/4.3.3/avr5\libgcc.a(_exit.o)
 .text          0x000000a6        0x0 f:/course embedded system/the programming/embedded/00-tools/03-imt sdk/03- imt sdk/03- imt sdk/imt_sdk_win_64/imt_sdk_win_64/winavr/bin/../lib/gcc/avr/4.3.3/avr5\libgcc.a(_copy_data.o)
 .text          0x000000a6        0x0 f:/course embedded system/the programming/embedded/00-tools/03-imt sdk/03- imt sdk/03- imt sdk/imt_sdk_win_64/imt_sdk_win_64/winavr/bin/../lib/gcc/avr/4.3.3/avr5\libgcc.a(_clear_bss.o)
 .text          0x000000a6        0x0 f:/course embedded system/the programming/embedded/00-tools/03-imt sdk/03- imt sdk/03- imt sdk/imt_sdk_win_64/imt_sdk_win_64/winavr/bin/../lib/gcc/avr/4.3.3/avr5\libgcc.a(_udivmodhi4.o)
                0x000000a6                . = ALIGN (0x2)
 *(.text.*)
 .text.DIO_U8SetPinDirection
                0x000000a6       0xbc ./DIO_program.o
                0x000000a6                DIO_U8SetPinDirection
 .text.DIO_U8SetPortirection
                0x00000162       0x20 ./DIO_program.o
                0x00000162                DIO_U8SetPortirection
 .text.DIO_U8SetPinValue
                0x00000182       0xbc ./DIO_program.o
                0x00000182                DIO_U8SetPinValue
 .text.DIO_U8SetPortValue
                0x0000023e       0x20 ./DIO_program.o
                0x0000023e                DIO_U8SetPortValue
 .text.DIO_U8GetPinValue
                0x0000025e       0x3c ./DIO_program.o
                0x0000025e                DIO_U8GetPinValue
 .text.EXTI_voidint0init
                0x0000029a       0x14 ./EXTI_programe.o
                0x0000029a                EXTI_voidint0init
 .text.EXTI_voidint1init
                0x000002ae       0x14 ./EXTI_programe.o
                0x000002ae                EXTI_voidint1init
 .text.EXTI_u8intset_sensecontrol
                0x000002c2       0xae ./EXTI_programe.o
                0x000002c2                EXTI_u8intset_sensecontrol
 .text.EXTI_u8intcontrol
                0x00000370       0x1e ./EXTI_programe.o
                0x00000370                EXTI_u8intcontrol
 .text.EXTI_u8intset_callback
                0x0000038e       0x24 ./EXTI_programe.o
                0x0000038e                EXTI_u8intset_callback
 .text.__vector_1
                0x000003b2       0x52 ./EXTI_programe.o
                0x000003b2                __vector_1
 .text.__vector_2
                0x00000404       0x52 ./EXTI_programe.o
                0x00000404                __vector_2
 .text.GIE_voidenable
                0x00000456        0x8 ./GIE_programe.o
                0x00000456                GIE_voidenable
 .text.GIE_voidedisable
                0x0000045e        0x8 ./GIE_programe.o
                0x0000045e                GIE_voidedisable
 .text.PORT_voidInit
                0x00000466       0x18 ./PORT_Programe.o
                0x00000466                PORT_voidInit
 .text.TIMER0_voidinit
                0x0000047e       0x14 ./TIMERS_programe.o
                0x0000047e                TIMER0_voidinit
 .text.TIMER_u8choosecompmode
                0x00000492      0x1a8 ./TIMERS_programe.o
                0x00000492                TIMER_u8choosecompmode
 .text.TIMER_u8choosefastorphasemode
                0x0000063a      0x1b8 ./TIMERS_programe.o
                0x0000063a                TIMER_u8choosefastorphasemode
 .text.TIMER_u8setprescaler
                0x000007f2       0x4e ./TIMERS_programe.o
                0x000007f2                TIMER_u8setprescaler
 .text.TIMER_u8setoverflowcallback
                0x00000840       0x36 ./TIMERS_programe.o
                0x00000840                TIMER_u8setoverflowcallback
 .text.TIMER_u8setcompmatchcallback
                0x00000876       0x6c ./TIMERS_programe.o
                0x00000876                TIMER_u8setcompmatchcallback
 .text.TIMER_u8settimervalue
                0x000008e2       0x18 ./TIMERS_programe.o
                0x000008e2                TIMER_u8settimervalue
 .text.TIMER1_u8settimervalue
                0x000008fa        0xa ./TIMERS_programe.o
                0x000008fa                TIMER1_u8settimervalue
 .text.TIMER_u8getimervalue
                0x00000904       0x34 ./TIMERS_programe.o
                0x00000904                TIMER_u8getimervalue
 .text.TIMER1_voidsettimer1value
                0x00000938        0xa ./TIMERS_programe.o
                0x00000938                TIMER1_voidsettimer1value
 .text.TIMER1_u16readtimervalue
                0x00000942        0xc ./TIMERS_programe.o
                0x00000942                TIMER1_u16readtimervalue
 .text.TIMER1_voidinit
                0x0000094e       0x28 ./TIMERS_programe.o
                0x0000094e                TIMER1_voidinit
 .text.__vector_16
                0x00000976       0x52 ./TIMERS_programe.o
                0x00000976                __vector_16
 .text.__vector_13
                0x000009c8       0x52 ./TIMERS_programe.o
                0x000009c8                __vector_13
 .text.__vector_9
                0x00000a1a       0x52 ./TIMERS_programe.o
                0x00000a1a                __vector_9
 .text.__vector_14
                0x00000a6c       0x52 ./TIMERS_programe.o
                0x00000a6c                __vector_14
 .text.__vector_15
                0x00000abe       0x52 ./TIMERS_programe.o
                0x00000abe                __vector_15
 .text.__vector_11
                0x00000b10       0x52 ./TIMERS_programe.o
                0x00000b10                __vector_11
 .text.__vector_12
                0x00000b62       0x52 ./TIMERS_programe.o
                0x00000b62                __vector_12
 .text.__vector_7
                0x00000bb4       0x52 ./TIMERS_programe.o
                0x00000bb4                __vector_7
 .text.__vector_8
                0x00000c06       0x52 ./TIMERS_programe.o
                0x00000c06                __vector_8
 .text.TIMER0_voidsetcompmatchvalue
                0x00000c58        0xa ./TIMERS_programe.o
                0x00000c58                TIMER0_voidsetcompmatchvalue
 .text.MAPING_s32mapingvalue
                0x00000c62       0x74 ./TIMERS_programe.o
                0x00000c62                MAPING_s32mapingvalue
 .text.PWM      0x00000cd6        0x2 ./main.o
                0x00000cd6                PWM
 .text.main     0x00000cd8       0x6e ./main.o
                0x00000cd8                main
 .text.libgcc   0x00000d46       0x26 f:/course embedded system/the programming/embedded/00-tools/03-imt sdk/03- imt sdk/03- imt sdk/imt_sdk_win_64/imt_sdk_win_64/winavr/bin/../lib/gcc/avr/4.3.3/avr5\libgcc.a(_divmodhi4.o)
                0x00000d46                __divmodhi4
                0x00000d46                _div
 .text.libgcc   0x00000d6c        0x0 f:/course embedded system/the programming/embedded/00-tools/03-imt sdk/03- imt sdk/03- imt sdk/imt_sdk_win_64/imt_sdk_win_64/winavr/bin/../lib/gcc/avr/4.3.3/avr5\libgcc.a(_exit.o)
 .text.libgcc   0x00000d6c        0x0 f:/course embedded system/the programming/embedded/00-tools/03-imt sdk/03- imt sdk/03- imt sdk/imt_sdk_win_64/imt_sdk_win_64/winavr/bin/../lib/gcc/avr/4.3.3/avr5\libgcc.a(_copy_data.o)
 .text.libgcc   0x00000d6c        0x0 f:/course embedded system/the programming/embedded/00-tools/03-imt sdk/03- imt sdk/03- imt sdk/imt_sdk_win_64/imt_sdk_win_64/winavr/bin/../lib/gcc/avr/4.3.3/avr5\libgcc.a(_clear_bss.o)
 .text.libgcc   0x00000d6c       0x28 f:/course embedded system/the programming/embedded/00-tools/03-imt sdk/03- imt sdk/03- imt sdk/imt_sdk_win_64/imt_sdk_win_64/winavr/bin/../lib/gcc/avr/4.3.3/avr5\libgcc.a(_udivmodhi4.o)
                0x00000d6c                __udivmodhi4
                0x00000d94                . = ALIGN (0x2)
 *(.fini9)
 .fini9         0x00000d94        0x0 f:/course embedded system/the programming/embedded/00-tools/03-imt sdk/03- imt sdk/03- imt sdk/imt_sdk_win_64/imt_sdk_win_64/winavr/bin/../lib/gcc/avr/4.3.3/avr5\libgcc.a(_exit.o)
                0x00000d94                exit
                0x00000d94                _exit
 *(.fini9)
 *(.fini8)
 *(.fini8)
 *(.fini7)
 *(.fini7)
 *(.fini6)
 *(.fini6)
 *(.fini5)
 *(.fini5)
 *(.fini4)
 *(.fini4)
 *(.fini3)
 *(.fini3)
 *(.fini2)
 *(.fini2)
 *(.fini1)
 *(.fini1)
 *(.fini0)
 .fini0         0x00000d94        0x4 f:/course embedded system/the programming/embedded/00-tools/03-imt sdk/03- imt sdk/03- imt sdk/imt_sdk_win_64/imt_sdk_win_64/winavr/bin/../lib/gcc/avr/4.3.3/avr5\libgcc.a(_exit.o)
 *(.fini0)
                0x00000d98                _etext = .

.data           0x00800100        0xc load address 0x00000d98
                0x00800100                PROVIDE (__data_start, .)
 *(.data)
 .data          0x00800100        0x0 f:/course embedded system/the programming/embedded/00-tools/03-imt sdk/03- imt sdk/03- imt sdk/imt_sdk_win_64/imt_sdk_win_64/winavr/bin/../lib/gcc/avr/4.3.3/../../../../avr/lib/avr5/crtm328p.o
 .data          0x00800100        0x0 ./DIO_program.o
 .data          0x00800100        0x0 ./EXTI_programe.o
 .data          0x00800100        0x0 ./GIE_programe.o
 .data          0x00800100        0x0 ./PORT_Programe.o
 .data          0x00800100        0x0 ./TIMERS_programe.o
 .data          0x00800100        0x0 ./main.o
 .data          0x00800100        0x0 f:/course embedded system/the programming/embedded/00-tools/03-imt sdk/03- imt sdk/03- imt sdk/imt_sdk_win_64/imt_sdk_win_64/winavr/bin/../lib/gcc/avr/4.3.3/avr5\libgcc.a(_divmodhi4.o)
 .data          0x00800100        0x0 f:/course embedded system/the programming/embedded/00-tools/03-imt sdk/03- imt sdk/03- imt sdk/imt_sdk_win_64/imt_sdk_win_64/winavr/bin/../lib/gcc/avr/4.3.3/avr5\libgcc.a(_exit.o)
 .data          0x00800100        0x0 f:/course embedded system/the programming/embedded/00-tools/03-imt sdk/03- imt sdk/03- imt sdk/imt_sdk_win_64/imt_sdk_win_64/winavr/bin/../lib/gcc/avr/4.3.3/avr5\libgcc.a(_copy_data.o)
 .data          0x00800100        0x0 f:/course embedded system/the programming/embedded/00-tools/03-imt sdk/03- imt sdk/03- imt sdk/imt_sdk_win_64/imt_sdk_win_64/winavr/bin/../lib/gcc/avr/4.3.3/avr5\libgcc.a(_clear_bss.o)
 .data          0x00800100        0x0 f:/course embedded system/the programming/embedded/00-tools/03-imt sdk/03- imt sdk/03- imt sdk/imt_sdk_win_64/imt_sdk_win_64/winavr/bin/../lib/gcc/avr/4.3.3/avr5\libgcc.a(_udivmodhi4.o)
 *(.data*)
 *(.rodata)
 *(.rodata*)
 .rodata.C.0.1377
                0x00800100        0xc ./main.o
 *(.gnu.linkonce.d*)
                0x0080010c                . = ALIGN (0x2)
                0x0080010c                _edata = .
                0x0080010c                PROVIDE (__data_end, .)

.bss            0x0080010c       0x16
                0x0080010c                PROVIDE (__bss_start, .)
 *(.bss)
 .bss           0x0080010c        0x0 f:/course embedded system/the programming/embedded/00-tools/03-imt sdk/03- imt sdk/03- imt sdk/imt_sdk_win_64/imt_sdk_win_64/winavr/bin/../lib/gcc/avr/4.3.3/../../../../avr/lib/avr5/crtm328p.o
 .bss           0x0080010c        0x0 ./DIO_program.o
 .bss           0x0080010c        0x0 ./EXTI_programe.o
 .bss           0x0080010c        0x0 ./GIE_programe.o
 .bss           0x0080010c        0x0 ./PORT_Programe.o
 .bss           0x0080010c        0x0 ./TIMERS_programe.o
 .bss           0x0080010c        0x0 ./main.o
 .bss           0x0080010c        0x0 f:/course embedded system/the programming/embedded/00-tools/03-imt sdk/03- imt sdk/03- imt sdk/imt_sdk_win_64/imt_sdk_win_64/winavr/bin/../lib/gcc/avr/4.3.3/avr5\libgcc.a(_divmodhi4.o)
 .bss           0x0080010c        0x0 f:/course embedded system/the programming/embedded/00-tools/03-imt sdk/03- imt sdk/03- imt sdk/imt_sdk_win_64/imt_sdk_win_64/winavr/bin/../lib/gcc/avr/4.3.3/avr5\libgcc.a(_exit.o)
 .bss           0x0080010c        0x0 f:/course embedded system/the programming/embedded/00-tools/03-imt sdk/03- imt sdk/03- imt sdk/imt_sdk_win_64/imt_sdk_win_64/winavr/bin/../lib/gcc/avr/4.3.3/avr5\libgcc.a(_copy_data.o)
 .bss           0x0080010c        0x0 f:/course embedded system/the programming/embedded/00-tools/03-imt sdk/03- imt sdk/03- imt sdk/imt_sdk_win_64/imt_sdk_win_64/winavr/bin/../lib/gcc/avr/4.3.3/avr5\libgcc.a(_clear_bss.o)
 .bss           0x0080010c        0x0 f:/course embedded system/the programming/embedded/00-tools/03-imt sdk/03- imt sdk/03- imt sdk/imt_sdk_win_64/imt_sdk_win_64/winavr/bin/../lib/gcc/avr/4.3.3/avr5\libgcc.a(_udivmodhi4.o)
 *(.bss*)
 .bss.EXTI_pvint0Func
                0x0080010c        0x2 ./EXTI_programe.o
                0x0080010c                EXTI_pvint0Func
 .bss.EXTI_pvint1Func
                0x0080010e        0x2 ./EXTI_programe.o
                0x0080010e                EXTI_pvint1Func
 .bss.TIMER2_pvcallbackcompfuncB
                0x00800110        0x2 ./TIMERS_programe.o
 .bss.TIMER2_pvcallbackcompfuncA
                0x00800112        0x2 ./TIMERS_programe.o
 .bss.TIMER1_pvcallbackcompfuncB
                0x00800114        0x2 ./TIMERS_programe.o
 .bss.TIMER1_pvcallbackcompfuncA
                0x00800116        0x2 ./TIMERS_programe.o
 .bss.TIMER0_pvcallbackcompfuncB
                0x00800118        0x2 ./TIMERS_programe.o
 .bss.TIMER0_pvcallbackcompfuncA
                0x0080011a        0x2 ./TIMERS_programe.o
 .bss.TIMER2_pvcallbackfunc
                0x0080011c        0x2 ./TIMERS_programe.o
 .bss.TIMER1_pvcallbackfunc
                0x0080011e        0x2 ./TIMERS_programe.o
 .bss.TIMER0_pvcallbackfunc
                0x00800120        0x2 ./TIMERS_programe.o
 *(COMMON)
                0x00800122                PROVIDE (__bss_end, .)
                0x00000d98                __data_load_start = LOADADDR (.data)
                0x00000da4                __data_load_end = (__data_load_start + SIZEOF (.data))

.noinit         0x00800122        0x0
                0x00800122                PROVIDE (__noinit_start, .)
 *(.noinit*)
                0x00800122                PROVIDE (__noinit_end, .)
                0x00800122                _end = .
                0x00800122                PROVIDE (__heap_start, .)

.eeprom         0x00810000        0x0
 *(.eeprom*)
                0x00810000                __eeprom_end = .

.fuse
 *(.fuse)
 *(.lfuse)
 *(.hfuse)
 *(.efuse)

.lock
 *(.lock*)

.signature
 *(.signature*)

.stab
 *(.stab)

.stabstr
 *(.stabstr)

.stab.excl
 *(.stab.excl)

.stab.exclstr
 *(.stab.exclstr)

.stab.index
 *(.stab.index)

.stab.indexstr
 *(.stab.indexstr)

.comment
 *(.comment)

.debug
 *(.debug)

.line
 *(.line)

.debug_srcinfo
 *(.debug_srcinfo)

.debug_sfnames
 *(.debug_sfnames)

.debug_aranges
 *(.debug_aranges)

.debug_pubnames
 *(.debug_pubnames)

.debug_info
 *(.debug_info)
 *(.gnu.linkonce.wi.*)

.debug_abbrev
 *(.debug_abbrev)

.debug_line
 *(.debug_line)

.debug_frame
 *(.debug_frame)

.debug_str
 *(.debug_str)

.debug_loc
 *(.debug_loc)

.debug_macinfo
 *(.debug_macinfo)
OUTPUT(TIMERS.elf elf32-avr)
LOAD linker stubs
